Archive member included to satisfy reference by file (symbol)

d:/stm32cubeide/stm32cubeide_1.7.0/stm32cubeide/plugins/com.st.stm32cube.ide.mcu.externaltools.gnu-tools-for-stm32.9-2020-q2-update.win32_2.0.0.202105311346/tools/bin/../lib/gcc/arm-none-eabi/9.3.1/../../../../arm-none-eabi/lib/thumb/v7e-m+fp/hard\libc_nano.a(lib_a-exit.o)
                              d:/stm32cubeide/stm32cubeide_1.7.0/stm32cubeide/plugins/com.st.stm32cube.ide.mcu.externaltools.gnu-tools-for-stm32.9-2020-q2-update.win32_2.0.0.202105311346/tools/bin/../lib/gcc/arm-none-eabi/9.3.1/../../../../arm-none-eabi/lib/thumb/v7e-m+fp/hard/crt0.o (exit)
d:/stm32cubeide/stm32cubeide_1.7.0/stm32cubeide/plugins/com.st.stm32cube.ide.mcu.externaltools.gnu-tools-for-stm32.9-2020-q2-update.win32_2.0.0.202105311346/tools/bin/../lib/gcc/arm-none-eabi/9.3.1/../../../../arm-none-eabi/lib/thumb/v7e-m+fp/hard\libc_nano.a(lib_a-impure.o)
                              d:/stm32cubeide/stm32cubeide_1.7.0/stm32cubeide/plugins/com.st.stm32cube.ide.mcu.externaltools.gnu-tools-for-stm32.9-2020-q2-update.win32_2.0.0.202105311346/tools/bin/../lib/gcc/arm-none-eabi/9.3.1/../../../../arm-none-eabi/lib/thumb/v7e-m+fp/hard\libc_nano.a(lib_a-exit.o) (_global_impure_ptr)
d:/stm32cubeide/stm32cubeide_1.7.0/stm32cubeide/plugins/com.st.stm32cube.ide.mcu.externaltools.gnu-tools-for-stm32.9-2020-q2-update.win32_2.0.0.202105311346/tools/bin/../lib/gcc/arm-none-eabi/9.3.1/../../../../arm-none-eabi/lib/thumb/v7e-m+fp/hard\libc_nano.a(lib_a-init.o)
                              d:/stm32cubeide/stm32cubeide_1.7.0/stm32cubeide/plugins/com.st.stm32cube.ide.mcu.externaltools.gnu-tools-for-stm32.9-2020-q2-update.win32_2.0.0.202105311346/tools/bin/../lib/gcc/arm-none-eabi/9.3.1/../../../../arm-none-eabi/lib/thumb/v7e-m+fp/hard/crt0.o (__libc_init_array)
d:/stm32cubeide/stm32cubeide_1.7.0/stm32cubeide/plugins/com.st.stm32cube.ide.mcu.externaltools.gnu-tools-for-stm32.9-2020-q2-update.win32_2.0.0.202105311346/tools/bin/../lib/gcc/arm-none-eabi/9.3.1/../../../../arm-none-eabi/lib/thumb/v7e-m+fp/hard\libc_nano.a(lib_a-memset.o)
                              d:/stm32cubeide/stm32cubeide_1.7.0/stm32cubeide/plugins/com.st.stm32cube.ide.mcu.externaltools.gnu-tools-for-stm32.9-2020-q2-update.win32_2.0.0.202105311346/tools/bin/../lib/gcc/arm-none-eabi/9.3.1/../../../../arm-none-eabi/lib/thumb/v7e-m+fp/hard/crt0.o (memset)
d:/stm32cubeide/stm32cubeide_1.7.0/stm32cubeide/plugins/com.st.stm32cube.ide.mcu.externaltools.gnu-tools-for-stm32.9-2020-q2-update.win32_2.0.0.202105311346/tools/bin/../lib/gcc/arm-none-eabi/9.3.1/thumb/v7e-m+fp/hard\libgcc.a(_aeabi_uldivmod.o)
                              ./Drivers/STM32F4xx_HAL_Driver/Src/stm32f4xx_hal_rcc.o (__aeabi_uldivmod)
d:/stm32cubeide/stm32cubeide_1.7.0/stm32cubeide/plugins/com.st.stm32cube.ide.mcu.externaltools.gnu-tools-for-stm32.9-2020-q2-update.win32_2.0.0.202105311346/tools/bin/../lib/gcc/arm-none-eabi/9.3.1/thumb/v7e-m+fp/hard\libgcc.a(_udivmoddi4.o)
                              d:/stm32cubeide/stm32cubeide_1.7.0/stm32cubeide/plugins/com.st.stm32cube.ide.mcu.externaltools.gnu-tools-for-stm32.9-2020-q2-update.win32_2.0.0.202105311346/tools/bin/../lib/gcc/arm-none-eabi/9.3.1/thumb/v7e-m+fp/hard\libgcc.a(_aeabi_uldivmod.o) (__udivmoddi4)
d:/stm32cubeide/stm32cubeide_1.7.0/stm32cubeide/plugins/com.st.stm32cube.ide.mcu.externaltools.gnu-tools-for-stm32.9-2020-q2-update.win32_2.0.0.202105311346/tools/bin/../lib/gcc/arm-none-eabi/9.3.1/thumb/v7e-m+fp/hard\libgcc.a(_dvmd_tls.o)
                              d:/stm32cubeide/stm32cubeide_1.7.0/stm32cubeide/plugins/com.st.stm32cube.ide.mcu.externaltools.gnu-tools-for-stm32.9-2020-q2-update.win32_2.0.0.202105311346/tools/bin/../lib/gcc/arm-none-eabi/9.3.1/thumb/v7e-m+fp/hard\libgcc.a(_aeabi_uldivmod.o) (__aeabi_ldiv0)
d:/stm32cubeide/stm32cubeide_1.7.0/stm32cubeide/plugins/com.st.stm32cube.ide.mcu.externaltools.gnu-tools-for-stm32.9-2020-q2-update.win32_2.0.0.202105311346/tools/bin/../lib/gcc/arm-none-eabi/9.3.1/../../../../arm-none-eabi/lib/thumb/v7e-m+fp/hard\libnosys.a(_exit.o)
                              d:/stm32cubeide/stm32cubeide_1.7.0/stm32cubeide/plugins/com.st.stm32cube.ide.mcu.externaltools.gnu-tools-for-stm32.9-2020-q2-update.win32_2.0.0.202105311346/tools/bin/../lib/gcc/arm-none-eabi/9.3.1/../../../../arm-none-eabi/lib/thumb/v7e-m+fp/hard\libc_nano.a(lib_a-exit.o) (_exit)

Allocating common symbols
Common symbol       size              file

dataFromRx_EF       0x15              ./Hydrogreen/rs485EF.o
hdma_uart4_rx       0x60              ./Core/Src/usart.o
hdma_usart3_rx      0x60              ./Core/Src/usart.o
huart3              0x40              ./Core/Src/usart.o
hadc2               0x48              ./Core/Src/adc.o
timers_tick10kHz    0x1               ./Hydrogreen/timers.o
hiwdg               0xc               ./Core/Src/iwdg.o
timers_mainTimeMiliseconds
                    0x2               ./Hydrogreen/timers.o
RS485_BUFF_EF       0x2               ./Hydrogreen/rs485EF.o
[...]
Memory Configuration

Name             Origin             Length             Attributes
RAM              0x0000000020000000 0x0000000000020000 xrw
FLASH            0x0000000008000000 0x0000000000080000 xr
*default*        0x0000000000000000 0xffffffffffffffff

Linker script and memory map

LOAD d:/stm32cubeide/stm32cubeide_1.7.0/stm32cubeide/plugins/com.st.stm32cube.ide.mcu.externaltools.gnu-tools-for-stm32.9-2020-q2-update.win32_2.0.0.202105311346/tools/bin/../lib/gcc/arm-none-eabi/9.3.1/thumb/v7e-m+fp/hard/crti.o
LOAD d:/stm32cubeide/stm32cubeide_1.7.0/stm32cubeide/plugins/com.st.stm32cube.ide.mcu.externaltools.gnu-tools-for-stm32.9-2020-q2-update.win32_2.0.0.202105311346/tools/bin/../lib/gcc/arm-none-eabi/9.3.1/thumb/v7e-m+fp/hard/crtbegin.o
LOAD d:/stm32cubeide/stm32cubeide_1.7.0/stm32cubeide/plugins/com.st.stm32cube.ide.mcu.externaltools.gnu-tools-for-stm32.9-2020-q2-update.win32_2.0.0.202105311346/tools/bin/../lib/gcc/arm-none-eabi/9.3.1/../../../../arm-none-eabi/lib/thumb/v7e-m+fp/hard/crt0.o
LOAD ./Core/Src/adc.o
LOAD ./Core/Src/dma.o
LOAD ./Core/Src/gpio.o
LOAD ./Core/Src/iwdg.o
LOAD ./Core/Src/main.o
LOAD ./Core/Src/stm32f4xx_hal_msp.o
LOAD ./Core/Src/stm32f4xx_it.o
LOAD ./Core/Src/system_stm32f4xx.o
LOAD ./Core/Src/tim.o
LOAD ./Core/Src/usart.o
LOAD ./Core/Startup/startup_stm32f446retx.o
LOAD ./Drivers/STM32F4xx_HAL_Driver/Src/stm32f4xx_hal.o
LOAD ./Drivers/STM32F4xx_HAL_Driver/Src/stm32f4xx_hal_adc.o
LOAD ./Drivers/STM32F4xx_HAL_Driver/Src/stm32f4xx_hal_adc_ex.o
LOAD ./Drivers/STM32F4xx_HAL_Driver/Src/stm32f4xx_hal_cortex.o
LOAD ./Drivers/STM32F4xx_HAL_Driver/Src/stm32f4xx_hal_dma.o
LOAD ./Drivers/STM32F4xx_HAL_Driver/Src/stm32f4xx_hal_dma_ex.o
LOAD ./Drivers/STM32F4xx_HAL_Driver/Src/stm32f4xx_hal_exti.o
LOAD ./Drivers/STM32F4xx_HAL_Driver/Src/stm32f4xx_hal_flash.o
LOAD ./Drivers/STM32F4xx_HAL_Driver/Src/stm32f4xx_hal_flash_ex.o
LOAD ./Drivers/STM32F4xx_HAL_Driver/Src/stm32f4xx_hal_flash_ramfunc.o
LOAD ./Drivers/STM32F4xx_HAL_Driver/Src/stm32f4xx_hal_gpio.o
LOAD ./Drivers/STM32F4xx_HAL_Driver/Src/stm32f4xx_hal_iwdg.o
LOAD ./Drivers/STM32F4xx_HAL_Driver/Src/stm32f4xx_hal_pwr.o
LOAD ./Drivers/STM32F4xx_HAL_Driver/Src/stm32f4xx_hal_pwr_ex.o
LOAD ./Drivers/STM32F4xx_HAL_Driver/Src/stm32f4xx_hal_rcc.o
LOAD ./Drivers/STM32F4xx_HAL_Driver/Src/stm32f4xx_hal_rcc_ex.o
LOAD ./Drivers/STM32F4xx_HAL_Driver/Src/stm32f4xx_hal_tim.o
LOAD ./Drivers/STM32F4xx_HAL_Driver/Src/stm32f4xx_hal_tim_ex.o
LOAD ./Drivers/STM32F4xx_HAL_Driver/Src/stm32f4xx_hal_uart.o
LOAD ./Hydrogreen/horn.o
LOAD ./Hydrogreen/hydrogensensor.o
LOAD ./Hydrogreen/hydrogreen.o
LOAD ./Hydrogreen/interrupt.o
LOAD ./Hydrogreen/measurements.o
LOAD ./Hydrogreen/rs485EF.o
LOAD ./Hydrogreen/rs485SW.o
LOAD ./Hydrogreen/rxinterrupt.o
LOAD ./Hydrogreen/timers.o
LOAD ./Hydrogreen/watchdog.o
START GROUP
LOAD d:/stm32cubeide/stm32cubeide_1.7.0/stm32cubeide/plugins/com.st.stm32cube.ide.mcu.externaltools.gnu-tools-for-stm32.9-2020-q2-update.win32_2.0.0.202105311346/tools/bin/../lib/gcc/arm-none-eabi/9.3.1/../../../../arm-none-eabi/lib/thumb/v7e-m+fp/hard\libc_nano.a
LOAD d:/stm32cubeide/stm32cubeide_1.7.0/stm32cubeide/plugins/com.st.stm32cube.ide.mcu.externaltools.gnu-tools-for-stm32.9-2020-q2-update.win32_2.0.0.202105311346/tools/bin/../lib/gcc/arm-none-eabi/9.3.1/../../../../arm-none-eabi/lib/thumb/v7e-m+fp/hard\libm.a
END GROUP
START GROUP
LOAD d:/stm32cubeide/stm32cubeide_1.7.0/stm32cubeide/plugins/com.st.stm32cube.ide.mcu.externaltools.gnu-tools-for-stm32.9-2020-q2-update.win32_2.0.0.202105311346/tools/bin/../lib/gcc/arm-none-eabi/9.3.1/thumb/v7e-m+fp/hard\libgcc.a
LOAD d:/stm32cubeide/stm32cubeide_1.7.0/stm32cubeide/plugins/com.st.stm32cube.ide.mcu.externaltools.gnu-tools-for-stm32.9-2020-q2-update.win32_2.0.0.202105311346/tools/bin/../lib/gcc/arm-none-eabi/9.3.1/../../../../arm-none-eabi/lib/thumb/v7e-m+fp/hard\libc_nano.a
END GROUP
START GROUP
LOAD d:/stm32cubeide/stm32cubeide_1.7.0/stm32cubeide/plugins/com.st.stm32cube.ide.mcu.externaltools.gnu-tools-for-stm32.9-2020-q2-update.win32_2.0.0.202105311346/tools/bin/../lib/gcc/arm-none-eabi/9.3.1/thumb/v7e-m+fp/hard\libgcc.a
LOAD d:/stm32cubeide/stm32cubeide_1.7.0/stm32cubeide/plugins/com.st.stm32cube.ide.mcu.externaltools.gnu-tools-for-stm32.9-2020-q2-update.win32_2.0.0.202105311346/tools/bin/../lib/gcc/arm-none-eabi/9.3.1/../../../../arm-none-eabi/lib/thumb/v7e-m+fp/hard\libc_nano.a
LOAD d:/stm32cubeide/stm32cubeide_1.7.0/stm32cubeide/plugins/com.st.stm32cube.ide.mcu.externaltools.gnu-tools-for-stm32.9-2020-q2-update.win32_2.0.0.202105311346/tools/bin/../lib/gcc/arm-none-eabi/9.3.1/../../../../arm-none-eabi/lib/thumb/v7e-m+fp/hard\libnosys.a
END GROUP
START GROUP
LOAD d:/stm32cubeide/stm32cubeide_1.7.0/stm32cubeide/plugins/com.st.stm32cube.ide.mcu.externaltools.gnu-tools-for-stm32.9-2020-q2-update.win32_2.0.0.202105311346/tools/bin/../lib/gcc/arm-none-eabi/9.3.1/thumb/v7e-m+fp/hard\libgcc.a
LOAD d:/stm32cubeide/stm32cubeide_1.7.0/stm32cubeide/plugins/com.st.stm32cube.ide.mcu.externaltools.gnu-tools-for-stm32.9-2020-q2-update.win32_2.0.0.202105311346/tools/bin/../lib/gcc/arm-none-eabi/9.3.1/../../../../arm-none-eabi/lib/thumb/v7e-m+fp/hard\libc_nano.a
LOAD d:/stm32cubeide/stm32cubeide_1.7.0/stm32cubeide/plugins/com.st.stm32cube.ide.mcu.externaltools.gnu-tools-for-stm32.9-2020-q2-update.win32_2.0.0.202105311346/tools/bin/../lib/gcc/arm-none-eabi/9.3.1/../../../../arm-none-eabi/lib/thumb/v7e-m+fp/hard\libnosys.a
END GROUP
LOAD d:/stm32cubeide/stm32cubeide_1.7.0/stm32cubeide/plugins/com.st.stm32cube.ide.mcu.externaltools.gnu-tools-for-stm32.9-2020-q2-update.win32_2.0.0.202105311346/tools/bin/../lib/gcc/arm-none-eabi/9.3.1/thumb/v7e-m+fp/hard/crtend.o
LOAD d:/stm32cubeide/stm32cubeide_1.7.0/stm32cubeide/plugins/com.st.stm32cube.ide.mcu.externaltools.gnu-tools-for-stm32.9-2020-q2-update.win32_2.0.0.202105311346/tools/bin/../lib/gcc/arm-none-eabi/9.3.1/thumb/v7e-m+fp/hard/crtn.o
                0x0000000020020000                _estack = (ORIGIN (RAM) + LENGTH (RAM))
                0x0000000000000200                _Min_Heap_Size = 0x200
                0x0000000000000400                _Min_Stack_Size = 0x400

.isr_vector     0x0000000008000000      0x1c4
                0x0000000008000000                . = ALIGN (0x4)
 *(.isr_vector)
 .isr_vector    0x0000000008000000      0x1c4 ./Core/Startup/startup_stm32f446retx.o
                0x0000000008000000                g_pfnVectors
                0x00000000080001c4                . = ALIGN (0x4)

.text           0x00000000080001c4     0x5b2c
                0x00000000080001c4                . = ALIGN (0x4)
 *(.text)
 .text          0x00000000080001c4       0x40 d:/stm32cubeide/stm32cubeide_1.7.0/stm32cubeide/plugins/com.st.stm32cube.ide.mcu.externaltools.gnu-tools-for-stm32.9-2020-q2-update.win32_2.0.0.202105311346/tools/bin/../lib/gcc/arm-none-eabi/9.3.1/thumb/v7e-m+fp/hard/crtbegin.o
 .text          0x0000000008000204       0x30 d:/stm32cubeide/stm32cubeide_1.7.0/stm32cubeide/plugins/com.st.stm32cube.ide.mcu.externaltools.gnu-tools-for-stm32.9-2020-q2-update.win32_2.0.0.202105311346/tools/bin/../lib/gcc/arm-none-eabi/9.3.1/thumb/v7e-m+fp/hard\libgcc.a(_aeabi_uldivmod.o)
                0x0000000008000204                __aeabi_uldivmod
 .text          0x0000000008000234      0x2c4 d:/stm32cubeide/stm32cubeide_1.7.0/stm32cubeide/plugins/com.st.stm32cube.ide.mcu.externaltools.gnu-tools-for-stm32.9-2020-q2-update.win32_2.0.0.202105311346/tools/bin/../lib/gcc/arm-none-eabi/9.3.1/thumb/v7e-m+fp/hard\libgcc.a(_udivmoddi4.o)
                0x0000000008000234                __udivmoddi4
 .text          0x00000000080004f8        0x4 d:/stm32cubeide/stm32cubeide_1.7.0/stm32cubeide/plugins/com.st.stm32cube.ide.mcu.externaltools.gnu-tools-for-stm32.9-2020-q2-update.win32_2.0.0.202105311346/tools/bin/../lib/gcc/arm-none-eabi/9.3.1/thumb/v7e-m+fp/hard\libgcc.a(_dvmd_tls.o)
                0x00000000080004f8                __aeabi_idiv0
                0x00000000080004f8                __aeabi_ldiv0
 *(.text*)
 .text.MX_ADC2_Init
                0x00000000080004fc       0xa4 ./Core/Src/adc.o
                0x00000000080004fc                MX_ADC2_Init
 .text.HAL_ADC_MspInit
                0x00000000080005a0      0x138 ./Core/Src/adc.o
                0x00000000080005a0                HAL_ADC_MspInit
 .text.MX_DMA_Init
                0x00000000080006d8       0x8c ./Core/Src/dma.o
                0x00000000080006d8                MX_DMA_Init
 .text.MX_GPIO_Init
                0x0000000008000764      0x1d8 ./Core/Src/gpio.o
                0x0000000008000764                MX_GPIO_Init
 .text.MX_IWDG_Init
                0x000000000800093c       0x34 ./Core/Src/iwdg.o
                0x000000000800093c                MX_IWDG_Init
 .text.main     0x0000000008000970       0x3a ./Core/Src/main.o
                0x0000000008000970                main
 *fill*         0x00000000080009aa        0x2 
 .text.SystemClock_Config
                0x00000000080009ac       0xe8 ./Core/Src/main.o
                0x00000000080009ac                SystemClock_Config
 .text.Error_Handler
                0x0000000008000a94        0xc ./Core/Src/main.o
                0x0000000008000a94                Error_Handler
 .text.HAL_MspInit
                0x0000000008000aa0       0x50 ./Core/Src/stm32f4xx_hal_msp.o
                0x0000000008000aa0                HAL_MspInit
 .text.NMI_Handler
                0x0000000008000af0        0x6 ./Core/Src/stm32f4xx_it.o
                0x0000000008000af0                NMI_Handler
 .text.HardFault_Handler
                0x0000000008000af6        0x6 ./Core/Src/stm32f4xx_it.o
                0x0000000008000af6                HardFault_Handler
 .text.MemManage_Handler
                0x0000000008000afc        0x6 ./Core/Src/stm32f4xx_it.o
                0x0000000008000afc                MemManage_Handler
 .text.BusFault_Handler
                0x0000000008000b02        0x6 ./Core/Src/stm32f4xx_it.o
                0x0000000008000b02                BusFault_Handler
 .text.UsageFault_Handler
                0x0000000008000b08        0x6 ./Core/Src/stm32f4xx_it.o
                0x0000000008000b08                UsageFault_Handler
 .text.SVC_Handler
                0x0000000008000b0e        0xe ./Core/Src/stm32f4xx_it.o
                0x0000000008000b0e                SVC_Handler
 .text.DebugMon_Handler
                0x0000000008000b1c        0xe ./Core/Src/stm32f4xx_it.o
                0x0000000008000b1c                DebugMon_Handler
 .text.PendSV_Handler
                0x0000000008000b2a        0xe ./Core/Src/stm32f4xx_it.o
                0x0000000008000b2a                PendSV_Handler
 .text.SysTick_Handler
                0x0000000008000b38       0x10 ./Core/Src/stm32f4xx_it.o
                0x0000000008000b38                SysTick_Handler
 .text.EXTI0_IRQHandler
                0x0000000008000b48        0xe ./Core/Src/stm32f4xx_it.o
                0x0000000008000b48                EXTI0_IRQHandler
 *fill*         0x0000000008000b56        0x2 
 .text.DMA1_Stream1_IRQHandler
                0x0000000008000b58       0x14 ./Core/Src/stm32f4xx_it.o
                0x0000000008000b58                DMA1_Stream1_IRQHandler
 .text.DMA1_Stream2_IRQHandler
                0x0000000008000b6c       0x14 ./Core/Src/stm32f4xx_it.o
                0x0000000008000b6c                DMA1_Stream2_IRQHandler
 .text.ADC_IRQHandler
                0x0000000008000b80       0x14 ./Core/Src/stm32f4xx_it.o
                0x0000000008000b80                ADC_IRQHandler
 .text.TIM2_IRQHandler
                0x0000000008000b94       0x14 ./Core/Src/stm32f4xx_it.o
                0x0000000008000b94                TIM2_IRQHandler
 .text.USART1_IRQHandler
                0x0000000008000ba8       0x14 ./Core/Src/stm32f4xx_it.o
                0x0000000008000ba8                USART1_IRQHandler
 .text.USART3_IRQHandler
                0x0000000008000bbc       0x14 ./Core/Src/stm32f4xx_it.o
                0x0000000008000bbc                USART3_IRQHandler
 .text.UART4_IRQHandler
                0x0000000008000bd0       0x14 ./Core/Src/stm32f4xx_it.o
                0x0000000008000bd0                UART4_IRQHandler
 .text.TIM6_DAC_IRQHandler
                0x0000000008000be4       0x14 ./Core/Src/stm32f4xx_it.o
                0x0000000008000be4                TIM6_DAC_IRQHandler
 .text.TIM7_IRQHandler
                0x0000000008000bf8       0x14 ./Core/Src/stm32f4xx_it.o
                0x0000000008000bf8                TIM7_IRQHandler
 .text.DMA2_Stream2_IRQHandler
                0x0000000008000c0c       0x14 ./Core/Src/stm32f4xx_it.o
                0x0000000008000c0c                DMA2_Stream2_IRQHandler
 .text.DMA2_Stream5_IRQHandler
                0x0000000008000c20       0x14 ./Core/Src/stm32f4xx_it.o
                0x0000000008000c20                DMA2_Stream5_IRQHandler
 .text.SystemInit
                0x0000000008000c34       0x2c ./Core/Src/system_stm32f4xx.o
                0x0000000008000c34                SystemInit
 .text.MX_TIM2_Init
                0x0000000008000c60       0x98 ./Core/Src/tim.o
                0x0000000008000c60                MX_TIM2_Init
 .text.MX_TIM6_Init
                0x0000000008000cf8       0x68 ./Core/Src/tim.o
                0x0000000008000cf8                MX_TIM6_Init
 .text.MX_TIM7_Init
                0x0000000008000d60       0x6c ./Core/Src/tim.o
                0x0000000008000d60                MX_TIM7_Init
 .text.HAL_TIM_Base_MspInit
                0x0000000008000dcc       0xc4 ./Core/Src/tim.o
                0x0000000008000dcc                HAL_TIM_Base_MspInit
 .text.MX_UART4_Init
                0x0000000008000e90       0x54 ./Core/Src/usart.o
                0x0000000008000e90                MX_UART4_Init
 .text.MX_USART1_UART_Init
                0x0000000008000ee4       0x54 ./Core/Src/usart.o
                0x0000000008000ee4                MX_USART1_UART_Init
 .text.MX_USART3_UART_Init
                0x0000000008000f38       0x54 ./Core/Src/usart.o
                0x0000000008000f38                MX_USART3_UART_Init
 .text.HAL_UART_MspInit
                0x0000000008000f8c      0x2c4 ./Core/Src/usart.o
                0x0000000008000f8c                HAL_UART_MspInit
 .text.Reset_Handler
                0x0000000008001250       0x50 ./Core/Startup/startup_stm32f446retx.o
                0x0000000008001250                Reset_Handler
 .text.Default_Handler
                0x00000000080012a0        0x2 ./Core/Startup/startup_stm32f446retx.o
                0x00000000080012a0                RTC_Alarm_IRQHandler
                0x00000000080012a0                EXTI2_IRQHandler
                0x00000000080012a0                TIM8_CC_IRQHandler
                0x00000000080012a0                FMPI2C1_EV_IRQHandler
                0x00000000080012a0                SPI4_IRQHandler
                0x00000000080012a0                TIM1_CC_IRQHandler
                0x00000000080012a0                DMA1_Stream5_IRQHandler
                0x00000000080012a0                PVD_IRQHandler
                0x00000000080012a0                SDIO_IRQHandler
                0x00000000080012a0                TAMP_STAMP_IRQHandler
                0x00000000080012a0                CAN2_RX1_IRQHandler
                0x00000000080012a0                EXTI3_IRQHandler
                0x00000000080012a0                TIM8_TRG_COM_TIM14_IRQHandler
                0x00000000080012a0                TIM1_UP_TIM10_IRQHandler
                0x00000000080012a0                TIM8_UP_TIM13_IRQHandler
                0x00000000080012a0                I2C3_ER_IRQHandler
                0x00000000080012a0                I2C2_EV_IRQHandler
                0x00000000080012a0                CAN1_RX0_IRQHandler
                0x00000000080012a0                FPU_IRQHandler
                0x00000000080012a0                OTG_HS_WKUP_IRQHandler
                0x00000000080012a0                CAN2_SCE_IRQHandler
                0x00000000080012a0                SPI1_IRQHandler
                0x00000000080012a0                TIM1_BRK_TIM9_IRQHandler
                0x00000000080012a0                DCMI_IRQHandler
                0x00000000080012a0                CAN2_RX0_IRQHandler
                0x00000000080012a0                DMA2_Stream3_IRQHandler
                0x00000000080012a0                SAI2_IRQHandler
                0x00000000080012a0                USART6_IRQHandler
                0x00000000080012a0                CAN1_RX1_IRQHandler
                0x00000000080012a0                UART5_IRQHandler
                0x00000000080012a0                DMA2_Stream0_IRQHandler
                0x00000000080012a0                TIM4_IRQHandler
                0x00000000080012a0                QUADSPI_IRQHandler
                0x00000000080012a0                I2C1_EV_IRQHandler
                0x00000000080012a0                DMA1_Stream6_IRQHandler
                0x00000000080012a0                TIM3_IRQHandler
                0x00000000080012a0                RCC_IRQHandler
                0x00000000080012a0                TIM8_BRK_TIM12_IRQHandler
                0x00000000080012a0                Default_Handler
                0x00000000080012a0                CEC_IRQHandler
                0x00000000080012a0                EXTI15_10_IRQHandler
                0x00000000080012a0                DMA1_Stream7_IRQHandler
                0x00000000080012a0                CAN2_TX_IRQHandler
                0x00000000080012a0                TIM5_IRQHandler
                0x00000000080012a0                DMA2_Stream7_IRQHandler
                0x00000000080012a0                I2C3_EV_IRQHandler
                0x00000000080012a0                EXTI9_5_IRQHandler
                0x00000000080012a0                RTC_WKUP_IRQHandler
                0x00000000080012a0                SPDIF_RX_IRQHandler
                0x00000000080012a0                SPI2_IRQHandler
                0x00000000080012a0                OTG_HS_EP1_IN_IRQHandler
                0x00000000080012a0                DMA1_Stream0_IRQHandler
                0x00000000080012a0                CAN1_TX_IRQHandler
                0x00000000080012a0                FMPI2C1_ER_IRQHandler
                0x00000000080012a0                EXTI4_IRQHandler
                0x00000000080012a0                OTG_HS_EP1_OUT_IRQHandler
                0x00000000080012a0                WWDG_IRQHandler
                0x00000000080012a0                OTG_FS_WKUP_IRQHandler
                0x00000000080012a0                TIM1_TRG_COM_TIM11_IRQHandler
                0x00000000080012a0                OTG_HS_IRQHandler
                0x00000000080012a0                EXTI1_IRQHandler
                0x00000000080012a0                USART2_IRQHandler
                0x00000000080012a0                I2C2_ER_IRQHandler
                0x00000000080012a0                DMA2_Stream1_IRQHandler
                0x00000000080012a0                CAN1_SCE_IRQHandler
                0x00000000080012a0                FLASH_IRQHandler
                0x00000000080012a0                DMA2_Stream4_IRQHandler
                0x00000000080012a0                OTG_FS_IRQHandler
                0x00000000080012a0                SPI3_IRQHandler
                0x00000000080012a0                DMA1_Stream4_IRQHandler
                0x00000000080012a0                I2C1_ER_IRQHandler
                0x00000000080012a0                FMC_IRQHandler
                0x00000000080012a0                DMA2_Stream6_IRQHandler
                0x00000000080012a0                SAI1_IRQHandler
                0x00000000080012a0                DMA1_Stream3_IRQHandler
 *fill*         0x00000000080012a2        0x2 
 .text.HAL_Init
                0x00000000080012a4       0x44 ./Drivers/STM32F4xx_HAL_Driver/Src/stm32f4xx_hal.o
                0x00000000080012a4                HAL_Init
 .text.HAL_InitTick
                0x00000000080012e8       0x60 ./Drivers/STM32F4xx_HAL_Driver/Src/stm32f4xx_hal.o
                0x00000000080012e8                HAL_InitTick
 .text.HAL_IncTick
                0x0000000008001348       0x28 ./Drivers/STM32F4xx_HAL_Driver/Src/stm32f4xx_hal.o
                0x0000000008001348                HAL_IncTick
 .text.HAL_GetTick
                0x0000000008001370       0x18 ./Drivers/STM32F4xx_HAL_Driver/Src/stm32f4xx_hal.o
                0x0000000008001370                HAL_GetTick
 .text.HAL_ADC_Init
                0x0000000008001388       0x86 ./Drivers/STM32F4xx_HAL_Driver/Src/stm32f4xx_hal_adc.o
                0x0000000008001388                HAL_ADC_Init
 .text.HAL_ADC_IRQHandler
                0x000000000800140e      0x282 ./Drivers/STM32F4xx_HAL_Driver/Src/stm32f4xx_hal_adc.o
                0x000000000800140e                HAL_ADC_IRQHandler
 .text.HAL_ADC_ConvCpltCallback
                0x0000000008001690       0x14 ./Drivers/STM32F4xx_HAL_Driver/Src/stm32f4xx_hal_adc.o
                0x0000000008001690                HAL_ADC_ConvCpltCallback
 .text.HAL_ADC_LevelOutOfWindowCallback
                0x00000000080016a4       0x14 ./Drivers/STM32F4xx_HAL_Driver/Src/stm32f4xx_hal_adc.o
                0x00000000080016a4                HAL_ADC_LevelOutOfWindowCallback
 .text.HAL_ADC_ErrorCallback
                0x00000000080016b8       0x14 ./Drivers/STM32F4xx_HAL_Driver/Src/stm32f4xx_hal_adc.o
                0x00000000080016b8                HAL_ADC_ErrorCallback
 .text.HAL_ADC_ConfigChannel
                0x00000000080016cc      0x264 ./Drivers/STM32F4xx_HAL_Driver/Src/stm32f4xx_hal_adc.o
                0x00000000080016cc                HAL_ADC_ConfigChannel
 .text.ADC_Init
                0x0000000008001930      0x1f8 ./Drivers/STM32F4xx_HAL_Driver/Src/stm32f4xx_hal_adc.o
 .text.HAL_ADCEx_InjectedConvCpltCallback
                0x0000000008001b28       0x14 ./Drivers/STM32F4xx_HAL_Driver/Src/stm32f4xx_hal_adc_ex.o
                0x0000000008001b28                HAL_ADCEx_InjectedConvCpltCallback
 .text.__NVIC_SetPriorityGrouping
                0x0000000008001b3c       0x48 ./Drivers/STM32F4xx_HAL_Driver/Src/stm32f4xx_hal_cortex.o
 .text.__NVIC_GetPriorityGrouping
                0x0000000008001b84       0x1c ./Drivers/STM32F4xx_HAL_Driver/Src/stm32f4xx_hal_cortex.o
 .text.__NVIC_EnableIRQ
                0x0000000008001ba0       0x3c ./Drivers/STM32F4xx_HAL_Driver/Src/stm32f4xx_hal_cortex.o
 .text.__NVIC_SetPriority
                0x0000000008001bdc       0x54 ./Drivers/STM32F4xx_HAL_Driver/Src/stm32f4xx_hal_cortex.o
 .text.NVIC_EncodePriority
                0x0000000008001c30       0x66 ./Drivers/STM32F4xx_HAL_Driver/Src/stm32f4xx_hal_cortex.o
 *fill*         0x0000000008001c96        0x2 
 .text.SysTick_Config
                0x0000000008001c98       0x44 ./Drivers/STM32F4xx_HAL_Driver/Src/stm32f4xx_hal_cortex.o
 .text.HAL_NVIC_SetPriorityGrouping
                0x0000000008001cdc       0x16 ./Drivers/STM32F4xx_HAL_Driver/Src/stm32f4xx_hal_cortex.o
                0x0000000008001cdc                HAL_NVIC_SetPriorityGrouping
 .text.HAL_NVIC_SetPriority
                0x0000000008001cf2       0x38 ./Drivers/STM32F4xx_HAL_Driver/Src/stm32f4xx_hal_cortex.o
                0x0000000008001cf2                HAL_NVIC_SetPriority
 .text.HAL_NVIC_EnableIRQ
                0x0000000008001d2a       0x1c ./Drivers/STM32F4xx_HAL_Driver/Src/stm32f4xx_hal_cortex.o
                0x0000000008001d2a                HAL_NVIC_EnableIRQ
 .text.HAL_SYSTICK_Config
                0x0000000008001d46       0x18 ./Drivers/STM32F4xx_HAL_Driver/Src/stm32f4xx_hal_cortex.o
                0x0000000008001d46                HAL_SYSTICK_Config
 *fill*         0x0000000008001d5e        0x2 
 .text.HAL_DMA_Init
                0x0000000008001d60      0x15c ./Drivers/STM32F4xx_HAL_Driver/Src/stm32f4xx_hal_dma.o
                0x0000000008001d60                HAL_DMA_Init
 .text.HAL_DMA_Start_IT
                0x0000000008001ebc       0xb0 ./Drivers/STM32F4xx_HAL_Driver/Src/stm32f4xx_hal_dma.o
                0x0000000008001ebc                HAL_DMA_Start_IT
 .text.HAL_DMA_Abort_IT
                0x0000000008001f6c       0x44 ./Drivers/STM32F4xx_HAL_Driver/Src/stm32f4xx_hal_dma.o
                0x0000000008001f6c                HAL_DMA_Abort_IT
 .text.HAL_DMA_IRQHandler
                0x0000000008001fb0      0x314 ./Drivers/STM32F4xx_HAL_Driver/Src/stm32f4xx_hal_dma.o
                0x0000000008001fb0                HAL_DMA_IRQHandler
 .text.DMA_SetConfig
                0x00000000080022c4       0x5c ./Drivers/STM32F4xx_HAL_Driver/Src/stm32f4xx_hal_dma.o
 .text.DMA_CalcBaseAndBitshift
                0x0000000008002320       0x6c ./Drivers/STM32F4xx_HAL_Driver/Src/stm32f4xx_hal_dma.o
 .text.DMA_CheckFifoParam
                0x000000000800238c       0xf8 ./Drivers/STM32F4xx_HAL_Driver/Src/stm32f4xx_hal_dma.o
 .text.HAL_GPIO_Init
                0x0000000008002484      0x328 ./Drivers/STM32F4xx_HAL_Driver/Src/stm32f4xx_hal_gpio.o
                0x0000000008002484                HAL_GPIO_Init
 .text.HAL_GPIO_WritePin
                0x00000000080027ac       0x32 ./Drivers/STM32F4xx_HAL_Driver/Src/stm32f4xx_hal_gpio.o
                0x00000000080027ac                HAL_GPIO_WritePin
 *fill*         0x00000000080027de        0x2 
 .text.HAL_GPIO_EXTI_IRQHandler
                0x00000000080027e0       0x30 ./Drivers/STM32F4xx_HAL_Driver/Src/stm32f4xx_hal_gpio.o
                0x00000000080027e0                HAL_GPIO_EXTI_IRQHandler
 .text.HAL_IWDG_Init
                0x0000000008002810       0x72 ./Drivers/STM32F4xx_HAL_Driver/Src/stm32f4xx_hal_iwdg.o
                0x0000000008002810                HAL_IWDG_Init
 .text.HAL_IWDG_Refresh
                0x0000000008002882       0x20 ./Drivers/STM32F4xx_HAL_Driver/Src/stm32f4xx_hal_iwdg.o
                0x0000000008002882                HAL_IWDG_Refresh
 *fill*         0x00000000080028a2        0x2 
 .text.HAL_PWREx_EnableOverDrive
                0x00000000080028a4       0xa0 ./Drivers/STM32F4xx_HAL_Driver/Src/stm32f4xx_hal_pwr_ex.o
                0x00000000080028a4                HAL_PWREx_EnableOverDrive
 .text.HAL_RCC_ClockConfig
                0x0000000008002944      0x1cc ./Drivers/STM32F4xx_HAL_Driver/Src/stm32f4xx_hal_rcc.o
                0x0000000008002944                HAL_RCC_ClockConfig
 .text.HAL_RCC_GetHCLKFreq
                0x0000000008002b10       0x18 ./Drivers/STM32F4xx_HAL_Driver/Src/stm32f4xx_hal_rcc.o
                0x0000000008002b10                HAL_RCC_GetHCLKFreq
 .text.HAL_RCC_GetPCLK1Freq
                0x0000000008002b28       0x28 ./Drivers/STM32F4xx_HAL_Driver/Src/stm32f4xx_hal_rcc.o
                0x0000000008002b28                HAL_RCC_GetPCLK1Freq
 .text.HAL_RCC_GetPCLK2Freq
                0x0000000008002b50       0x28 ./Drivers/STM32F4xx_HAL_Driver/Src/stm32f4xx_hal_rcc.o
                0x0000000008002b50                HAL_RCC_GetPCLK2Freq
 .text.HAL_RCC_GetSysClockFreq
                0x0000000008002b78      0x364 ./Drivers/STM32F4xx_HAL_Driver/Src/stm32f4xx_hal_rcc_ex.o
                0x0000000008002b78                HAL_RCC_GetSysClockFreq
 .text.HAL_RCC_OscConfig
                0x0000000008002edc      0x4b4 ./Drivers/STM32F4xx_HAL_Driver/Src/stm32f4xx_hal_rcc_ex.o
                0x0000000008002edc                HAL_RCC_OscConfig
 .text.HAL_TIM_Base_Init
                0x0000000008003390       0x56 ./Drivers/STM32F4xx_HAL_Driver/Src/stm32f4xx_hal_tim.o
                0x0000000008003390                HAL_TIM_Base_Init
 .text.HAL_TIM_Base_Start_IT
                0x00000000080033e6       0x48 ./Drivers/STM32F4xx_HAL_Driver/Src/stm32f4xx_hal_tim.o
                0x00000000080033e6                HAL_TIM_Base_Start_IT
 .text.HAL_TIM_IRQHandler
                0x000000000800342e      0x210 ./Drivers/STM32F4xx_HAL_Driver/Src/stm32f4xx_hal_tim.o
                0x000000000800342e                HAL_TIM_IRQHandler
 .text.HAL_TIM_ConfigClockSource
                0x000000000800363e      0x188 ./Drivers/STM32F4xx_HAL_Driver/Src/stm32f4xx_hal_tim.o
                0x000000000800363e                HAL_TIM_ConfigClockSource
 .text.HAL_TIM_OC_DelayElapsedCallback
                0x00000000080037c6       0x14 ./Drivers/STM32F4xx_HAL_Driver/Src/stm32f4xx_hal_tim.o
                0x00000000080037c6                HAL_TIM_OC_DelayElapsedCallback
 .text.HAL_TIM_IC_CaptureCallback
                0x00000000080037da       0x14 ./Drivers/STM32F4xx_HAL_Driver/Src/stm32f4xx_hal_tim.o
                0x00000000080037da                HAL_TIM_IC_CaptureCallback
 .text.HAL_TIM_PWM_PulseFinishedCallback
                0x00000000080037ee       0x14 ./Drivers/STM32F4xx_HAL_Driver/Src/stm32f4xx_hal_tim.o
                0x00000000080037ee                HAL_TIM_PWM_PulseFinishedCallback
 .text.HAL_TIM_TriggerCallback
                0x0000000008003802       0x14 ./Drivers/STM32F4xx_HAL_Driver/Src/stm32f4xx_hal_tim.o
                0x0000000008003802                HAL_TIM_TriggerCallback
 *fill*         0x0000000008003816        0x2 
 .text.TIM_Base_SetConfig
                0x0000000008003818      0x140 ./Drivers/STM32F4xx_HAL_Driver/Src/stm32f4xx_hal_tim.o
                0x0000000008003818                TIM_Base_SetConfig
 .text.TIM_TI1_ConfigInputStage
                0x0000000008003958       0x5e ./Drivers/STM32F4xx_HAL_Driver/Src/stm32f4xx_hal_tim.o
 .text.TIM_TI2_ConfigInputStage
                0x00000000080039b6       0x60 ./Drivers/STM32F4xx_HAL_Driver/Src/stm32f4xx_hal_tim.o
 .text.TIM_ITRx_SetConfig
                0x0000000008003a16       0x36 ./Drivers/STM32F4xx_HAL_Driver/Src/stm32f4xx_hal_tim.o
 .text.TIM_ETR_SetConfig
                0x0000000008003a4c       0x40 ./Drivers/STM32F4xx_HAL_Driver/Src/stm32f4xx_hal_tim.o
                0x0000000008003a4c                TIM_ETR_SetConfig
 .text.HAL_TIMEx_MasterConfigSynchronization
                0x0000000008003a8c       0xf8 ./Drivers/STM32F4xx_HAL_Driver/Src/stm32f4xx_hal_tim_ex.o
                0x0000000008003a8c                HAL_TIMEx_MasterConfigSynchronization
 .text.HAL_TIMEx_CommutCallback
                0x0000000008003b84       0x14 ./Drivers/STM32F4xx_HAL_Driver/Src/stm32f4xx_hal_tim_ex.o
                0x0000000008003b84                HAL_TIMEx_CommutCallback
 .text.HAL_TIMEx_BreakCallback
                0x0000000008003b98       0x14 ./Drivers/STM32F4xx_HAL_Driver/Src/stm32f4xx_hal_tim_ex.o
                0x0000000008003b98                HAL_TIMEx_BreakCallback
 .text.HAL_UART_Init
                0x0000000008003bac       0x9a ./Drivers/STM32F4xx_HAL_Driver/Src/stm32f4xx_hal_uart.o
                0x0000000008003bac                HAL_UART_Init
 .text.HAL_UART_Transmit
                0x0000000008003c46      0x132 ./Drivers/STM32F4xx_HAL_Driver/Src/stm32f4xx_hal_uart.o
                0x0000000008003c46                HAL_UART_Transmit
 .text.HAL_UART_Receive_DMA
                0x0000000008003d78      0x100 ./Drivers/STM32F4xx_HAL_Driver/Src/stm32f4xx_hal_uart.o
                0x0000000008003d78                HAL_UART_Receive_DMA
 .text.HAL_UART_IRQHandler
                0x0000000008003e78      0x200 ./Drivers/STM32F4xx_HAL_Driver/Src/stm32f4xx_hal_uart.o
                0x0000000008003e78                HAL_UART_IRQHandler
 .text.HAL_UART_TxCpltCallback
                0x0000000008004078       0x14 ./Drivers/STM32F4xx_HAL_Driver/Src/stm32f4xx_hal_uart.o
                0x0000000008004078                HAL_UART_TxCpltCallback
 .text.HAL_UART_RxHalfCpltCallback
                0x000000000800408c       0x14 ./Drivers/STM32F4xx_HAL_Driver/Src/stm32f4xx_hal_uart.o
                0x000000000800408c                HAL_UART_RxHalfCpltCallback
 .text.HAL_UART_ErrorCallback
                0x00000000080040a0       0x14 ./Drivers/STM32F4xx_HAL_Driver/Src/stm32f4xx_hal_uart.o
                0x00000000080040a0                HAL_UART_ErrorCallback
 .text.UART_DMAReceiveCplt
                0x00000000080040b4       0x68 ./Drivers/STM32F4xx_HAL_Driver/Src/stm32f4xx_hal_uart.o
 .text.UART_DMARxHalfCplt
                0x000000000800411c       0x1c ./Drivers/STM32F4xx_HAL_Driver/Src/stm32f4xx_hal_uart.o
 .text.UART_DMAError
                0x0000000008004138       0x94 ./Drivers/STM32F4xx_HAL_Driver/Src/stm32f4xx_hal_uart.o
 .text.UART_WaitOnFlagUntilTimeout
                0x00000000080041cc       0x94 ./Drivers/STM32F4xx_HAL_Driver/Src/stm32f4xx_hal_uart.o
 .text.UART_EndTxTransfer
                0x0000000008004260       0x2c ./Drivers/STM32F4xx_HAL_Driver/Src/stm32f4xx_hal_uart.o
 .text.UART_EndRxTransfer
                0x000000000800428c       0x3c ./Drivers/STM32F4xx_HAL_Driver/Src/stm32f4xx_hal_uart.o
 .text.UART_DMAAbortOnError
                0x00000000080042c8       0x28 ./Drivers/STM32F4xx_HAL_Driver/Src/stm32f4xx_hal_uart.o
 .text.UART_Transmit_IT
                0x00000000080042f0       0xac ./Drivers/STM32F4xx_HAL_Driver/Src/stm32f4xx_hal_uart.o
 .text.UART_EndTransmit_IT
                0x000000000800439c       0x30 ./Drivers/STM32F4xx_HAL_Driver/Src/stm32f4xx_hal_uart.o
 .text.UART_Receive_IT
                0x00000000080043cc      0x102 ./Drivers/STM32F4xx_HAL_Driver/Src/stm32f4xx_hal_uart.o
 *fill*         0x00000000080044ce        0x2 
 .text.UART_SetConfig
                0x00000000080044d0      0x738 ./Drivers/STM32F4xx_HAL_Driver/Src/stm32f4xx_hal_uart.o
 .text.horn_step
                0x0000000008004c08       0x18 ./Hydrogreen/horn.o
                0x0000000008004c08                horn_step
 .text.hydrogreen_init
                0x0000000008004c20       0x18 ./Hydrogreen/hydrogreen.o
 .text.hydrogreen_step1kHz
                0x0000000008004c38       0x10 ./Hydrogreen/hydrogreen.o
 .text.hydrogreen_step10kHz
                0x0000000008004c48       0x10 ./Hydrogreen/hydrogreen.o
 .text.hydrogreen_main
                0x0000000008004c58       0x44 ./Hydrogreen/hydrogreen.o
                0x0000000008004c58                hydrogreen_main
 .text.hydrogreen_hardFault
                0x0000000008004c9c        0xe ./Hydrogreen/hydrogreen.o
                0x0000000008004c9c                hydrogreen_hardFault
 *fill*         0x0000000008004caa        0x2 
 .text.HAL_GPIO_EXTI_Callback
                0x0000000008004cac       0x48 ./Hydrogreen/interrupt.o
                0x0000000008004cac                HAL_GPIO_EXTI_Callback
 .text.measurements_step
                0x0000000008004cf4       0x1c ./Hydrogreen/measurements.o
                0x0000000008004cf4                measurements_step
 .text.laptime  0x0000000008004d10       0xf4 ./Hydrogreen/measurements.o
                0x0000000008004d10                laptime
 .text.calcSpeed
                0x0000000008004e04       0xbc ./Hydrogreen/measurements.o
                0x0000000008004e04                calcSpeed
 .text.crc_calc
                0x0000000008004ec0       0x8c ./Hydrogreen/rs485EF.o
                0x0000000008004ec0                crc_calc
 .text.crc_calc_TX
                0x0000000008004f4c       0x8c ./Hydrogreen/rs485EF.o
                0x0000000008004f4c                crc_calc_TX
 .text.rs485_init_EF
                0x0000000008004fd8       0x20 ./Hydrogreen/rs485EF.o
                0x0000000008004fd8                rs485_init_EF
 .text.rs485_step_EF
                0x0000000008004ff8       0x1c ./Hydrogreen/rs485EF.o
                0x0000000008004ff8                rs485_step_EF
 .text.sendData_EF
                0x0000000008005014       0x88 ./Hydrogreen/rs485EF.o
 .text.receiveData_EF
                0x000000000800509c       0xdc ./Hydrogreen/rs485EF.o
 .text.prepareNewDataToSend_EF
                0x0000000008005178       0x74 ./Hydrogreen/rs485EF.o
 .text.processReceivedData_EF
                0x00000000080051ec       0xf0 ./Hydrogreen/rs485EF.o
 .text.resetActData_EF
                0x00000000080052dc       0x90 ./Hydrogreen/rs485EF.o
 .text.crc_calc_SW
                0x000000000800536c       0x8c ./Hydrogreen/rs485SW.o
                0x000000000800536c                crc_calc_SW
 .text.crc_calc_TX_SW
                0x00000000080053f8       0x8c ./Hydrogreen/rs485SW.o
                0x00000000080053f8                crc_calc_TX_SW
 .text.rs485_init_SW
                0x0000000008005484       0x20 ./Hydrogreen/rs485SW.o
                0x0000000008005484                rs485_init_SW
 .text.rs485_step_SW
                0x00000000080054a4       0x1c ./Hydrogreen/rs485SW.o
                0x00000000080054a4                rs485_step_SW
 .text.sendData_SW
                0x00000000080054c0       0x7c ./Hydrogreen/rs485SW.o
 .text.receiveData_SW
                0x000000000800553c       0xdc ./Hydrogreen/rs485SW.o
 .text.prepareNewDataToSend_SW
                0x0000000008005618      0x204 ./Hydrogreen/rs485SW.o
 .text.processReceivedData_SW
                0x000000000800581c       0xdc ./Hydrogreen/rs485SW.o
 .text.resetActData_SW
                0x00000000080058f8       0x48 ./Hydrogreen/rs485SW.o
 .text.HAL_UART_RxCpltCallback
                0x0000000008005940       0xc4 ./Hydrogreen/rxinterrupt.o
                0x0000000008005940                HAL_UART_RxCpltCallback
 .text.timers_init
                0x0000000008005a04       0x1c ./Hydrogreen/timers.o
                0x0000000008005a04                timers_init
 .text.timers_step
                0x0000000008005a20       0x24 ./Hydrogreen/timers.o
 .text.setSystemOperatingTime
                0x0000000008005a44       0x88 ./Hydrogreen/timers.o
 .text.timers_beforeStep1kHz
                0x0000000008005acc       0x18 ./Hydrogreen/timers.o
                0x0000000008005acc                timers_beforeStep1kHz
 .text.timers_afterStep1kHz
                0x0000000008005ae4       0xd0 ./Hydrogreen/timers.o
                0x0000000008005ae4                timers_afterStep1kHz
 .text.HAL_SYSTICK_Callback
                0x0000000008005bb4        0xc ./Hydrogreen/timers.o
                0x0000000008005bb4                HAL_SYSTICK_Callback
 .text.HAL_TIM_PeriodElapsedCallback
                0x0000000008005bc0       0x48 ./Hydrogreen/timers.o
                0x0000000008005bc0                HAL_TIM_PeriodElapsedCallback
 .text.watchdog_init
                0x0000000008005c08       0x64 ./Hydrogreen/watchdog.o
                0x0000000008005c08                watchdog_init
 .text.watchdog_step
                0x0000000008005c6c       0x14 ./Hydrogreen/watchdog.o
                0x0000000008005c6c                watchdog_step
 .text.__libc_init_array
                0x0000000008005c80       0x48 d:/stm32cubeide/stm32cubeide_1.7.0/stm32cubeide/plugins/com.st.stm32cube.ide.mcu.externaltools.gnu-tools-for-stm32.9-2020-q2-update.win32_2.0.0.202105311346/tools/bin/../lib/gcc/arm-none-eabi/9.3.1/../../../../arm-none-eabi/lib/thumb/v7e-m+fp/hard\libc_nano.a(lib_a-init.o)
                0x0000000008005c80                __libc_init_array
 .text.memset   0x0000000008005cc8       0x10 d:/stm32cubeide/stm32cubeide_1.7.0/stm32cubeide/plugins/com.st.stm32cube.ide.mcu.externaltools.gnu-tools-for-stm32.9-2020-q2-update.win32_2.0.0.202105311346/tools/bin/../lib/gcc/arm-none-eabi/9.3.1/../../../../arm-none-eabi/lib/thumb/v7e-m+fp/hard\libc_nano.a(lib_a-memset.o)
                0x0000000008005cc8                memset
 *(.glue_7)
 .glue_7        0x0000000008005cd8        0x0 linker stubs
 *(.glue_7t)
 .glue_7t       0x0000000008005cd8        0x0 linker stubs
 *(.eh_frame)
 .eh_frame      0x0000000008005cd8        0x0 d:/stm32cubeide/stm32cubeide_1.7.0/stm32cubeide/plugins/com.st.stm32cube.ide.mcu.externaltools.gnu-tools-for-stm32.9-2020-q2-update.win32_2.0.0.202105311346/tools/bin/../lib/gcc/arm-none-eabi/9.3.1/thumb/v7e-m+fp/hard/crtbegin.o
 *(.init)
 .init          0x0000000008005cd8        0x4 d:/stm32cubeide/stm32cubeide_1.7.0/stm32cubeide/plugins/com.st.stm32cube.ide.mcu.externaltools.gnu-tools-for-stm32.9-2020-q2-update.win32_2.0.0.202105311346/tools/bin/../lib/gcc/arm-none-eabi/9.3.1/thumb/v7e-m+fp/hard/crti.o
                0x0000000008005cd8                _init
 .init          0x0000000008005cdc        0x8 d:/stm32cubeide/stm32cubeide_1.7.0/stm32cubeide/plugins/com.st.stm32cube.ide.mcu.externaltools.gnu-tools-for-stm32.9-2020-q2-update.win32_2.0.0.202105311346/tools/bin/../lib/gcc/arm-none-eabi/9.3.1/thumb/v7e-m+fp/hard/crtn.o
 *(.fini)
 .fini          0x0000000008005ce4        0x4 d:/stm32cubeide/stm32cubeide_1.7.0/stm32cubeide/plugins/com.st.stm32cube.ide.mcu.externaltools.gnu-tools-for-stm32.9-2020-q2-update.win32_2.0.0.202105311346/tools/bin/../lib/gcc/arm-none-eabi/9.3.1/thumb/v7e-m+fp/hard/crti.o
                0x0000000008005ce4                _fini
 .fini          0x0000000008005ce8        0x8 d:/stm32cubeide/stm32cubeide_1.7.0/stm32cubeide/plugins/com.st.stm32cube.ide.mcu.externaltools.gnu-tools-for-stm32.9-2020-q2-update.win32_2.0.0.202105311346/tools/bin/../lib/gcc/arm-none-eabi/9.3.1/thumb/v7e-m+fp/hard/crtn.o
                0x0000000008005cf0                . = ALIGN (0x4)
                0x0000000008005cf0                _etext = .

.vfp11_veneer   0x0000000008005cf0        0x0
 .vfp11_veneer  0x0000000008005cf0        0x0 linker stubs

.v4_bx          0x0000000008005cf0        0x0
 .v4_bx         0x0000000008005cf0        0x0 linker stubs

.iplt           0x0000000008005cf0        0x0
 .iplt          0x0000000008005cf0        0x0 d:/stm32cubeide/stm32cubeide_1.7.0/stm32cubeide/plugins/com.st.stm32cube.ide.mcu.externaltools.gnu-tools-for-stm32.9-2020-q2-update.win32_2.0.0.202105311346/tools/bin/../lib/gcc/arm-none-eabi/9.3.1/thumb/v7e-m+fp/hard/crtbegin.o

.rodata         0x0000000008005cf0       0x20
                0x0000000008005cf0                . = ALIGN (0x4)
 *(.rodata)
 *(.rodata*)
 .rodata.AHBPrescTable
                0x0000000008005cf0       0x10 ./Core/Src/system_stm32f4xx.o
                0x0000000008005cf0                AHBPrescTable
 .rodata.APBPrescTable
                0x0000000008005d00        0x8 ./Core/Src/system_stm32f4xx.o
                0x0000000008005d00                APBPrescTable
 .rodata.flagBitshiftOffset.8449
                0x0000000008005d08        0x8 ./Drivers/STM32F4xx_HAL_Driver/Src/stm32f4xx_hal_dma.o
                0x0000000008005d10                . = ALIGN (0x4)

.ARM.extab      0x0000000008005d10        0x0
                0x0000000008005d10                . = ALIGN (0x4)
 *(.ARM.extab* .gnu.linkonce.armextab.*)
                0x0000000008005d10                . = ALIGN (0x4)

.ARM            0x0000000008005d10        0x8
                0x0000000008005d10                . = ALIGN (0x4)
                0x0000000008005d10                __exidx_start = .
 *(.ARM.exidx*)
 .ARM.exidx     0x0000000008005d10        0x8 d:/stm32cubeide/stm32cubeide_1.7.0/stm32cubeide/plugins/com.st.stm32cube.ide.mcu.externaltools.gnu-tools-for-stm32.9-2020-q2-update.win32_2.0.0.202105311346/tools/bin/../lib/gcc/arm-none-eabi/9.3.1/thumb/v7e-m+fp/hard\libgcc.a(_udivmoddi4.o)
                0x0000000008005d18                __exidx_end = .
                0x0000000008005d18                . = ALIGN (0x4)

.rel.dyn        0x0000000008005d18        0x0
 .rel.iplt      0x0000000008005d18        0x0 d:/stm32cubeide/stm32cubeide_1.7.0/stm32cubeide/plugins/com.st.stm32cube.ide.mcu.externaltools.gnu-tools-for-stm32.9-2020-q2-update.win32_2.0.0.202105311346/tools/bin/../lib/gcc/arm-none-eabi/9.3.1/thumb/v7e-m+fp/hard/crtbegin.o

.preinit_array  0x0000000008005d18        0x0
                0x0000000008005d18                . = ALIGN (0x4)
                0x0000000008005d18                PROVIDE (__preinit_array_start = .)
 *(.preinit_array*)
                0x0000000008005d18                PROVIDE (__preinit_array_end = .)
                0x0000000008005d18                . = ALIGN (0x4)

.init_array     0x0000000008005d18        0x4
                0x0000000008005d18                . = ALIGN (0x4)
                0x0000000008005d18                PROVIDE (__init_array_start = .)
 *(SORT_BY_NAME(.init_array.*))
 *(.init_array*)
 .init_array    0x0000000008005d18        0x4 d:/stm32cubeide/stm32cubeide_1.7.0/stm32cubeide/plugins/com.st.stm32cube.ide.mcu.externaltools.gnu-tools-for-stm32.9-2020-q2-update.win32_2.0.0.202105311346/tools/bin/../lib/gcc/arm-none-eabi/9.3.1/thumb/v7e-m+fp/hard/crtbegin.o
                0x0000000008005d1c                PROVIDE (__init_array_end = .)
                0x0000000008005d1c                . = ALIGN (0x4)

.fini_array     0x0000000008005d1c        0x4
                0x0000000008005d1c                . = ALIGN (0x4)
                [!provide]                        PROVIDE (__fini_array_start = .)
 *(SORT_BY_NAME(.fini_array.*))
 *(.fini_array*)
 .fini_array    0x0000000008005d1c        0x4 d:/stm32cubeide/stm32cubeide_1.7.0/stm32cubeide/plugins/com.st.stm32cube.ide.mcu.externaltools.gnu-tools-for-stm32.9-2020-q2-update.win32_2.0.0.202105311346/tools/bin/../lib/gcc/arm-none-eabi/9.3.1/thumb/v7e-m+fp/hard/crtbegin.o
                [!provide]                        PROVIDE (__fini_array_end = .)
                0x0000000008005d20                . = ALIGN (0x4)
                0x0000000008005d20                _sidata = LOADADDR (.data)

.data           0x0000000020000000        0xc load address 0x0000000008005d20
                0x0000000020000000                . = ALIGN (0x4)
                0x0000000020000000                _sdata = .
 *(.data)
 *(.data*)
 .data.SystemCoreClock
                0x0000000020000000        0x4 ./Core/Src/system_stm32f4xx.o
                0x0000000020000000                SystemCoreClock
 .data.uwTickPrio
                0x0000000020000004        0x4 ./Drivers/STM32F4xx_HAL_Driver/Src/stm32f4xx_hal.o
                0x0000000020000004                uwTickPrio
 .data.uwTickFreq
                0x0000000020000008        0x1 ./Drivers/STM32F4xx_HAL_Driver/Src/stm32f4xx_hal.o
                0x0000000020000008                uwTickFreq
 .data.rs485_flt_EF
                0x0000000020000009        0x1 ./Hydrogreen/rs485EF.o
                0x0000000020000009                rs485_flt_EF
 .data.rs485_flt_SW
                0x000000002000000a        0x1 ./Hydrogreen/rs485SW.o
                0x000000002000000a                rs485_flt_SW
                0x000000002000000c                . = ALIGN (0x4)
 *fill*         0x000000002000000b        0x1 
                0x000000002000000c                _edata = .

.igot.plt       0x000000002000000c        0x0 load address 0x0000000008005d2c
 .igot.plt      0x000000002000000c        0x0 d:/stm32cubeide/stm32cubeide_1.7.0/stm32cubeide/plugins/com.st.stm32cube.ide.mcu.externaltools.gnu-tools-for-stm32.9-2020-q2-update.win32_2.0.0.202105311346/tools/bin/../lib/gcc/arm-none-eabi/9.3.1/thumb/v7e-m+fp/hard/crtbegin.o
                0x000000002000000c                . = ALIGN (0x4)

.bss            0x000000002000000c      0x480 load address 0x0000000008005d2c
                0x000000002000000c                _sbss = .
                0x000000002000000c                __bss_start__ = _sbss
 *(.bss)
 .bss           0x000000002000000c       0x1c d:/stm32cubeide/stm32cubeide_1.7.0/stm32cubeide/plugins/com.st.stm32cube.ide.mcu.externaltools.gnu-tools-for-stm32.9-2020-q2-update.win32_2.0.0.202105311346/tools/bin/../lib/gcc/arm-none-eabi/9.3.1/thumb/v7e-m+fp/hard/crtbegin.o
 *(.bss*)
 .bss.laptime_seconds
                0x0000000020000028        0x1 ./Hydrogreen/measurements.o
                0x0000000020000028                laptime_seconds
 *fill*         0x0000000020000029        0x1 
 .bss.laptime_minutes
                0x000000002000002a        0x2 ./Hydrogreen/measurements.o
                0x000000002000002a                laptime_minutes
 .bss.laptime_miliseconds
                0x000000002000002c        0x2 ./Hydrogreen/measurements.o
                0x000000002000002c                laptime_miliseconds
 .bss.speedPulses
                0x000000002000002e        0x1 ./Hydrogreen/measurements.o
                0x000000002000002e                speedPulses
 .bss.intRxCplt_EF
                0x000000002000002f        0x1 ./Hydrogreen/rs485EF.o
 .bss.posInRxTab_EF
                0x0000000020000030        0x2 ./Hydrogreen/rs485EF.o
                0x0000000020000030                posInRxTab_EF
 *fill*         0x0000000020000032        0x2 
 .bss.dataToTx_EF
                0x0000000020000034        0x6 ./Hydrogreen/rs485EF.o
 .bss.posInTxTab_EF
                0x000000002000003a        0x2 ./Hydrogreen/rs485EF.o
 .bss.rejectedFramesInRow_EF
                0x000000002000003c        0x4 ./Hydrogreen/rs485EF.o
                0x000000002000003c                rejectedFramesInRow_EF
 .bss.endofRX_EF
                0x0000000020000040        0x1 ./Hydrogreen/rs485EF.o
                0x0000000020000040                endofRX_EF
 .bss.endofTX_EF
                0x0000000020000041        0x1 ./Hydrogreen/rs485EF.o
                0x0000000020000041                endofTX_EF
 .bss.cntEndOfTxTick_EF.8558
                0x0000000020000042        0x2 ./Hydrogreen/rs485EF.o
 .bss.cntEndOfRxTick_EF.8562
                0x0000000020000044        0x4 ./Hydrogreen/rs485EF.o
 .bss.intRxCplt_SW
                0x0000000020000048        0x1 ./Hydrogreen/rs485SW.o
 *fill*         0x0000000020000049        0x1 
 .bss.posInRxTab_SW
                0x000000002000004a        0x2 ./Hydrogreen/rs485SW.o
                0x000000002000004a                posInRxTab_SW
 .bss.dataToTx_SW
                0x000000002000004c       0x27 ./Hydrogreen/rs485SW.o
 *fill*         0x0000000020000073        0x1 
 .bss.posInTxTab_SW
                0x0000000020000074        0x2 ./Hydrogreen/rs485SW.o
 .bss.endofRX_SW
                0x0000000020000076        0x1 ./Hydrogreen/rs485SW.o
                0x0000000020000076                endofRX_SW
 *fill*         0x0000000020000077        0x1 
 .bss.cntEndOfTxTick_SW.8556
                0x0000000020000078        0x2 ./Hydrogreen/rs485SW.o
 *fill*         0x000000002000007a        0x2 
 .bss.cntEndOfRxTick_SW.8561
                0x000000002000007c        0x4 ./Hydrogreen/rs485SW.o
 .bss.rejectedFramesInRow_SW.8560
                0x0000000020000080        0x4 ./Hydrogreen/rs485SW.o
 .bss.intRxCplt_EF
                0x0000000020000084        0x1 ./Hydrogreen/rxinterrupt.o
 .bss.intRxCplt_SW
                0x0000000020000085        0x1 ./Hydrogreen/rxinterrupt.o
 *fill*         0x0000000020000086        0x2 
 .bss.timers_sysCycle100kHzCnt
                0x0000000020000088        0x4 ./Hydrogreen/timers.o
 .bss.initFlag.8434
                0x000000002000008c        0x1 ./Hydrogreen/timers.o
 *fill*         0x000000002000008d        0x3 
 .bss.actSysCyclePeriod.8435
                0x0000000020000090        0x4 ./Hydrogreen/timers.o
 .bss.avgCnt.8437
                0x0000000020000094        0x2 ./Hydrogreen/timers.o
 *fill*         0x0000000020000096        0x2 
 .bss.avgSysCyclePeriodSum.8436
                0x0000000020000098        0x4 ./Hydrogreen/timers.o
 *(COMMON)
 COMMON         0x000000002000009c       0xa8 ./Core/Src/adc.o
                0x000000002000009c                hadc2
                0x00000000200000e4                hdma_adc2
 COMMON         0x0000000020000144        0xc ./Core/Src/iwdg.o
                0x0000000020000144                hiwdg
 COMMON         0x0000000020000150       0xc0 ./Core/Src/tim.o
                0x0000000020000150                htim6
                0x0000000020000190                htim2
                0x00000000200001d0                htim7
 COMMON         0x0000000020000210      0x1e0 ./Core/Src/usart.o
                0x0000000020000210                hdma_uart4_rx
                0x0000000020000270                hdma_usart3_rx
                0x00000000200002d0                huart3
                0x0000000020000310                hdma_usart1_rx
                0x0000000020000370                huart1
                0x00000000200003b0                huart4
 COMMON         0x00000000200003f0        0x4 ./Drivers/STM32F4xx_HAL_Driver/Src/stm32f4xx_hal.o
                0x00000000200003f0                uwTick
 COMMON         0x00000000200003f4       0x34 ./Hydrogreen/rs485EF.o
                0x00000000200003f4                dataFromRx_EF
                0x000000002000040c                RS485_BUFF_EF
                0x0000000020000410                RS485_TX_DATA_EF
                0x0000000020000414                RS485_RX_VERIFIED_DATA_EF
 COMMON         0x0000000020000428       0x42 ./Hydrogreen/rs485SW.o
                0x0000000020000428                RS485_TX_DATA_SW
                0x0000000020000450                dataFromRx_SW
                0x000000002000045c                RS485_RX_VERIFIED_DATA_SW
                0x0000000020000468                RS485_BUFF_SW
 *fill*         0x000000002000046a        0x2 
 COMMON         0x000000002000046c       0x1c ./Hydrogreen/timers.o
                0x000000002000046c                timers_tick10kHz
                0x000000002000046e                timers_mainTimeMiliseconds
                0x0000000020000470                timers_tick1kHz
                0x0000000020000471                timers_mainTimeHours
                0x0000000020000472                laptime_flag
                0x0000000020000474                timers_maxSysCyclePeriod
                0x0000000020000478                timers_mainTimeMinutes
                0x000000002000047c                timers_minSysCyclePeriod
                0x0000000020000480                timers_mainTimeSeconds
                0x0000000020000484                timers_avgSysCyclePeriod
 COMMON         0x0000000020000488        0x1 ./Hydrogreen/watchdog.o
                0x0000000020000488                watchdog_flt
                0x000000002000048c                . = ALIGN (0x4)
 *fill*         0x0000000020000489        0x3 
                0x000000002000048c                _ebss = .
                0x000000002000048c                __bss_end__ = _ebss

._user_heap_stack
                0x000000002000048c      0x604 load address 0x0000000008005d2c
                0x0000000020000490                . = ALIGN (0x8)
 *fill*         0x000000002000048c        0x4 
                [!provide]                        PROVIDE (end = .)
                [!provide]                        PROVIDE (_end = .)
                0x0000000020000690                . = (. + _Min_Heap_Size)
 *fill*         0x0000000020000490      0x200 
                0x0000000020000a90                . = (. + _Min_Stack_Size)
 *fill*         0x0000000020000690      0x400 
                0x0000000020000a90                . = ALIGN (0x8)

/DISCARD/
 libc.a(*)
 libm.a(*)
 libgcc.a(*)

.ARM.attributes
                0x0000000000000000       0x30
 *(.ARM.attributes)
 .ARM.attributes
                0x0000000000000000       0x1e d:/stm32cubeide/stm32cubeide_1.7.0/stm32cubeide/plugins/com.st.stm32cube.ide.mcu.externaltools.gnu-tools-for-stm32.9-2020-q2-update.win32_2.0.0.202105311346/tools/bin/../lib/gcc/arm-none-eabi/9.3.1/thumb/v7e-m+fp/hard/crti.o
 .ARM.attributes
                0x000000000000001e       0x34 d:/stm32cubeide/stm32cubeide_1.7.0/stm32cubeide/plugins/com.st.stm32cube.ide.mcu.externaltools.gnu-tools-for-stm32.9-2020-q2-update.win32_2.0.0.202105311346/tools/bin/../lib/gcc/arm-none-eabi/9.3.1/thumb/v7e-m+fp/hard/crtbegin.o
 .ARM.attributes
                0x0000000000000052       0x34 ./Core/Src/adc.o
 .ARM.attributes
                0x0000000000000086       0x34 ./Core/Src/dma.o
 .ARM.attributes
                0x00000000000000ba       0x34 ./Core/Src/gpio.o
 .ARM.attributes
                0x00000000000000ee       0x34 ./Core/Src/iwdg.o
 .ARM.attributes
                0x0000000000000122       0x34 ./Core/Src/main.o
 .ARM.attributes
                0x0000000000000156       0x34 ./Core/Src/stm32f4xx_hal_msp.o
 .ARM.attributes
                0x000000000000018a       0x34 ./Core/Src/stm32f4xx_it.o
 .ARM.attributes
                0x00000000000001be       0x34 ./Core/Src/system_stm32f4xx.o
 .ARM.attributes
                0x00000000000001f2       0x34 ./Core/Src/tim.o
 .ARM.attributes
                0x0000000000000226       0x34 ./Core/Src/usart.o
 .ARM.attributes
                0x000000000000025a       0x21 ./Core/Startup/startup_stm32f446retx.o
 .ARM.attributes
                0x000000000000027b       0x34 ./Drivers/STM32F4xx_HAL_Driver/Src/stm32f4xx_hal.o
 .ARM.attributes
                0x00000000000002af       0x34 ./Drivers/STM32F4xx_HAL_Driver/Src/stm32f4xx_hal_adc.o
 .ARM.attributes
                0x00000000000002e3       0x34 ./Drivers/STM32F4xx_HAL_Driver/Src/stm32f4xx_hal_adc_ex.o
 .ARM.attributes
                0x0000000000000317       0x34 ./Drivers/STM32F4xx_HAL_Driver/Src/stm32f4xx_hal_cortex.o
 .ARM.attributes
                0x000000000000034b       0x34 ./Drivers/STM32F4xx_HAL_Driver/Src/stm32f4xx_hal_dma.o
 .ARM.attributes
                0x000000000000037f       0x34 ./Drivers/STM32F4xx_HAL_Driver/Src/stm32f4xx_hal_gpio.o
 .ARM.attributes
                0x00000000000003b3       0x34 ./Drivers/STM32F4xx_HAL_Driver/Src/stm32f4xx_hal_iwdg.o
 .ARM.attributes
                0x00000000000003e7       0x34 ./Drivers/STM32F4xx_HAL_Driver/Src/stm32f4xx_hal_pwr_ex.o
 .ARM.attributes
                0x000000000000041b       0x34 ./Drivers/STM32F4xx_HAL_Driver/Src/stm32f4xx_hal_rcc.o
 .ARM.attributes
                0x000000000000044f       0x34 ./Drivers/STM32F4xx_HAL_Driver/Src/stm32f4xx_hal_rcc_ex.o
 .ARM.attributes
                0x0000000000000483       0x34 ./Drivers/STM32F4xx_HAL_Driver/Src/stm32f4xx_hal_tim.o
 .ARM.attributes
                0x00000000000004b7       0x34 ./Drivers/STM32F4xx_HAL_Driver/Src/stm32f4xx_hal_tim_ex.o
 .ARM.attributes
                0x00000000000004eb       0x34 ./Drivers/STM32F4xx_HAL_Driver/Src/stm32f4xx_hal_uart.o
 .ARM.attributes
                0x000000000000051f       0x34 ./Hydrogreen/horn.o
 .ARM.attributes
                0x0000000000000553       0x34 ./Hydrogreen/hydrogreen.o
 .ARM.attributes
                0x0000000000000587       0x34 ./Hydrogreen/interrupt.o
 .ARM.attributes
                0x00000000000005bb       0x34 ./Hydrogreen/measurements.o
 .ARM.attributes
                0x00000000000005ef       0x34 ./Hydrogreen/rs485EF.o
 .ARM.attributes
                0x0000000000000623       0x34 ./Hydrogreen/rs485SW.o
 .ARM.attributes
                0x0000000000000657       0x34 ./Hydrogreen/rxinterrupt.o
 .ARM.attributes
                0x000000000000068b       0x34 ./Hydrogreen/timers.o
 .ARM.attributes
                0x00000000000006bf       0x34 ./Hydrogreen/watchdog.o
 .ARM.attributes
                0x00000000000006f3       0x34 d:/stm32cubeide/stm32cubeide_1.7.0/stm32cubeide/plugins/com.st.stm32cube.ide.mcu.externaltools.gnu-tools-for-stm32.9-2020-q2-update.win32_2.0.0.202105311346/tools/bin/../lib/gcc/arm-none-eabi/9.3.1/../../../../arm-none-eabi/lib/thumb/v7e-m+fp/hard\libc_nano.a(lib_a-init.o)
 .ARM.attributes
                0x0000000000000727       0x34 d:/stm32cubeide/stm32cubeide_1.7.0/stm32cubeide/plugins/com.st.stm32cube.ide.mcu.externaltools.gnu-tools-for-stm32.9-2020-q2-update.win32_2.0.0.202105311346/tools/bin/../lib/gcc/arm-none-eabi/9.3.1/../../../../arm-none-eabi/lib/thumb/v7e-m+fp/hard\libc_nano.a(lib_a-memset.o)
 .ARM.attributes
                0x000000000000075b       0x1e d:/stm32cubeide/stm32cubeide_1.7.0/stm32cubeide/plugins/com.st.stm32cube.ide.mcu.externaltools.gnu-tools-for-stm32.9-2020-q2-update.win32_2.0.0.202105311346/tools/bin/../lib/gcc/arm-none-eabi/9.3.1/thumb/v7e-m+fp/hard\libgcc.a(_aeabi_uldivmod.o)
 .ARM.attributes
                0x0000000000000779       0x34 d:/stm32cubeide/stm32cubeide_1.7.0/stm32cubeide/plugins/com.st.stm32cube.ide.mcu.externaltools.gnu-tools-for-stm32.9-2020-q2-update.win32_2.0.0.202105311346/tools/bin/../lib/gcc/arm-none-eabi/9.3.1/thumb/v7e-m+fp/hard\libgcc.a(_udivmoddi4.o)
 .ARM.attributes
                0x00000000000007ad       0x1e d:/stm32cubeide/stm32cubeide_1.7.0/stm32cubeide/plugins/com.st.stm32cube.ide.mcu.externaltools.gnu-tools-for-stm32.9-2020-q2-update.win32_2.0.0.202105311346/tools/bin/../lib/gcc/arm-none-eabi/9.3.1/thumb/v7e-m+fp/hard\libgcc.a(_dvmd_tls.o)
 .ARM.attributes
                0x00000000000007cb       0x1e d:/stm32cubeide/stm32cubeide_1.7.0/stm32cubeide/plugins/com.st.stm32cube.ide.mcu.externaltools.gnu-tools-for-stm32.9-2020-q2-update.win32_2.0.0.202105311346/tools/bin/../lib/gcc/arm-none-eabi/9.3.1/thumb/v7e-m+fp/hard/crtn.o
OUTPUT(Master_01.elf elf32-littlearm)
LOAD linker stubs
LOAD d:/stm32cubeide/stm32cubeide_1.7.0/stm32cubeide/plugins/com.st.stm32cube.ide.mcu.externaltools.gnu-tools-for-stm32.9-2020-q2-update.win32_2.0.0.202105311346/tools/bin/../lib/gcc/arm-none-eabi/9.3.1/../../../../arm-none-eabi/lib/thumb/v7e-m+fp/hard\libc.a
LOAD d:/stm32cubeide/stm32cubeide_1.7.0/stm32cubeide/plugins/com.st.stm32cube.ide.mcu.externaltools.gnu-tools-for-stm32.9-2020-q2-update.win32_2.0.0.202105311346/tools/bin/../lib/gcc/arm-none-eabi/9.3.1/../../../../arm-none-eabi/lib/thumb/v7e-m+fp/hard\libm.a
LOAD d:/stm32cubeide/stm32cubeide_1.7.0/stm32cubeide/plugins/com.st.stm32cube.ide.mcu.externaltools.gnu-tools-for-stm32.9-2020-q2-update.win32_2.0.0.202105311346/tools/bin/../lib/gcc/arm-none-eabi/9.3.1/thumb/v7e-m+fp/hard\libgcc.a

.debug_info     0x0000000000000000    0x171d2
 .debug_info    0x0000000000000000      0xd38 ./Core/Src/adc.o
 .debug_info    0x0000000000000d38      0x60f ./Core/Src/dma.o
 .debug_info    0x0000000000001347      0x7aa ./Core/Src/gpio.o
 .debug_info    0x0000000000001af1      0x286 ./Core/Src/iwdg.o
 .debug_info    0x0000000000001d77     0x1073 ./Core/Src/main.o
 .debug_info    0x0000000000002dea      0x3cc ./Core/Src/stm32f4xx_hal_msp.o
 .debug_info    0x00000000000031b6      0xd3b ./Core/Src/stm32f4xx_it.o
 .debug_info    0x0000000000003ef1      0x5dc ./Core/Src/system_stm32f4xx.o
 .debug_info    0x00000000000044cd      0xcf1 ./Core/Src/tim.o
 .debug_info    0x00000000000051be      0xd63 ./Core/Src/usart.o
 .debug_info    0x0000000000005f21       0x22 ./Core/Startup/startup_stm32f446retx.o
 .debug_info    0x0000000000005f43      0xa08 ./Drivers/STM32F4xx_HAL_Driver/Src/stm32f4xx_hal.o
 .debug_info    0x000000000000694b      0xdbc ./Drivers/STM32F4xx_HAL_Driver/Src/stm32f4xx_hal_adc.o
 .debug_info    0x0000000000007707      0xc22 ./Drivers/STM32F4xx_HAL_Driver/Src/stm32f4xx_hal_adc_ex.o
 .debug_info    0x0000000000008329      0xef5 ./Drivers/STM32F4xx_HAL_Driver/Src/stm32f4xx_hal_cortex.o
 .debug_info    0x000000000000921e      0x9f1 ./Drivers/STM32F4xx_HAL_Driver/Src/stm32f4xx_hal_dma.o
 .debug_info    0x0000000000009c0f      0x882 ./Drivers/STM32F4xx_HAL_Driver/Src/stm32f4xx_hal_gpio.o
 .debug_info    0x000000000000a491      0x2cb ./Drivers/STM32F4xx_HAL_Driver/Src/stm32f4xx_hal_iwdg.o
 .debug_info    0x000000000000a75c      0x7ca ./Drivers/STM32F4xx_HAL_Driver/Src/stm32f4xx_hal_pwr_ex.o
 .debug_info    0x000000000000af26      0x9db ./Drivers/STM32F4xx_HAL_Driver/Src/stm32f4xx_hal_rcc.o
 .debug_info    0x000000000000b901      0xa76 ./Drivers/STM32F4xx_HAL_Driver/Src/stm32f4xx_hal_rcc_ex.o
 .debug_info    0x000000000000c377     0x26cd ./Drivers/STM32F4xx_HAL_Driver/Src/stm32f4xx_hal_tim.o
 .debug_info    0x000000000000ea44     0x125f ./Drivers/STM32F4xx_HAL_Driver/Src/stm32f4xx_hal_tim_ex.o
 .debug_info    0x000000000000fca3     0x1357 ./Drivers/STM32F4xx_HAL_Driver/Src/stm32f4xx_hal_uart.o
 .debug_info    0x0000000000010ffa      0x826 ./Hydrogreen/horn.o
 .debug_info    0x0000000000011820      0x837 ./Hydrogreen/hydrogreen.o
 .debug_info    0x0000000000012057      0x76a ./Hydrogreen/interrupt.o
 .debug_info    0x00000000000127c1     0x10b9 ./Hydrogreen/measurements.o
 .debug_info    0x000000000001387a     0x1003 ./Hydrogreen/rs485EF.o
 .debug_info    0x000000000001487d      0xff8 ./Hydrogreen/rs485SW.o
 .debug_info    0x0000000000015875      0xc23 ./Hydrogreen/rxinterrupt.o
 .debug_info    0x0000000000016498      0x8c3 ./Hydrogreen/timers.o
 .debug_info    0x0000000000016d5b      0x477 ./Hydrogreen/watchdog.o

.debug_abbrev   0x0000000000000000     0x3b05
 .debug_abbrev  0x0000000000000000      0x1d7 ./Core/Src/adc.o
 .debug_abbrev  0x00000000000001d7      0x126 ./Core/Src/dma.o
 .debug_abbrev  0x00000000000002fd      0x157 ./Core/Src/gpio.o
 .debug_abbrev  0x0000000000000454      0x11f ./Core/Src/iwdg.o
 .debug_abbrev  0x0000000000000573      0x1ca ./Core/Src/main.o
 .debug_abbrev  0x000000000000073d      0x11d ./Core/Src/stm32f4xx_hal_msp.o
 .debug_abbrev  0x000000000000085a      0x1a1 ./Core/Src/stm32f4xx_it.o
 .debug_abbrev  0x00000000000009fb      0x145 ./Core/Src/system_stm32f4xx.o
 .debug_abbrev  0x0000000000000b40      0x1c6 ./Core/Src/tim.o
 .debug_abbrev  0x0000000000000d06      0x1d7 ./Core/Src/usart.o
 .debug_abbrev  0x0000000000000edd       0x12 ./Core/Startup/startup_stm32f446retx.o
 .debug_abbrev  0x0000000000000eef      0x1ed ./Drivers/STM32F4xx_HAL_Driver/Src/stm32f4xx_hal.o
 .debug_abbrev  0x00000000000010dc      0x22f ./Drivers/STM32F4xx_HAL_Driver/Src/stm32f4xx_hal_adc.o
 .debug_abbrev  0x000000000000130b      0x24a ./Drivers/STM32F4xx_HAL_Driver/Src/stm32f4xx_hal_adc_ex.o
 .debug_abbrev  0x0000000000001555      0x33c ./Drivers/STM32F4xx_HAL_Driver/Src/stm32f4xx_hal_cortex.o
 .debug_abbrev  0x0000000000001891      0x259 ./Drivers/STM32F4xx_HAL_Driver/Src/stm32f4xx_hal_dma.o
 .debug_abbrev  0x0000000000001aea      0x1f1 ./Drivers/STM32F4xx_HAL_Driver/Src/stm32f4xx_hal_gpio.o
 .debug_abbrev  0x0000000000001cdb      0x152 ./Drivers/STM32F4xx_HAL_Driver/Src/stm32f4xx_hal_iwdg.o
 .debug_abbrev  0x0000000000001e2d      0x1da ./Drivers/STM32F4xx_HAL_Driver/Src/stm32f4xx_hal_pwr_ex.o
 .debug_abbrev  0x0000000000002007      0x275 ./Drivers/STM32F4xx_HAL_Driver/Src/stm32f4xx_hal_rcc.o
 .debug_abbrev  0x000000000000227c      0x1e2 ./Drivers/STM32F4xx_HAL_Driver/Src/stm32f4xx_hal_rcc_ex.o
 .debug_abbrev  0x000000000000245e      0x25e ./Drivers/STM32F4xx_HAL_Driver/Src/stm32f4xx_hal_tim.o
 .debug_abbrev  0x00000000000026bc      0x24c ./Drivers/STM32F4xx_HAL_Driver/Src/stm32f4xx_hal_tim_ex.o
 .debug_abbrev  0x0000000000002908      0x270 ./Drivers/STM32F4xx_HAL_Driver/Src/stm32f4xx_hal_uart.o
 .debug_abbrev  0x0000000000002b78      0x158 ./Hydrogreen/horn.o
 .debug_abbrev  0x0000000000002cd0      0x14a ./Hydrogreen/hydrogreen.o
 .debug_abbrev  0x0000000000002e1a      0x129 ./Hydrogreen/interrupt.o
 .debug_abbrev  0x0000000000002f43      0x208 ./Hydrogreen/measurements.o
 .debug_abbrev  0x000000000000314b      0x26d ./Hydrogreen/rs485EF.o
 .debug_abbrev  0x00000000000033b8      0x285 ./Hydrogreen/rs485SW.o
 .debug_abbrev  0x000000000000363d      0x19c ./Hydrogreen/rxinterrupt.o
 .debug_abbrev  0x00000000000037d9      0x1f3 ./Hydrogreen/timers.o
 .debug_abbrev  0x00000000000039cc      0x139 ./Hydrogreen/watchdog.o

.debug_aranges  0x0000000000000000     0x1138
 .debug_aranges
                0x0000000000000000       0x30 ./Core/Src/adc.o
 .debug_aranges
                0x0000000000000030       0x20 ./Core/Src/dma.o
 .debug_aranges
                0x0000000000000050       0x20 ./Core/Src/gpio.o
 .debug_aranges
                0x0000000000000070       0x20 ./Core/Src/iwdg.o
 .debug_aranges
                0x0000000000000090       0x30 ./Core/Src/main.o
 .debug_aranges
                0x00000000000000c0       0x20 ./Core/Src/stm32f4xx_hal_msp.o
 .debug_aranges
                0x00000000000000e0       0xc0 ./Core/Src/stm32f4xx_it.o
 .debug_aranges
                0x00000000000001a0       0x28 ./Core/Src/system_stm32f4xx.o
 .debug_aranges
                0x00000000000001c8       0x40 ./Core/Src/tim.o
 .debug_aranges
                0x0000000000000208       0x40 ./Core/Src/usart.o
 .debug_aranges
                0x0000000000000248       0x28 ./Core/Startup/startup_stm32f446retx.o
 .debug_aranges
                0x0000000000000270       0xf0 ./Drivers/STM32F4xx_HAL_Driver/Src/stm32f4xx_hal.o
 .debug_aranges
                0x0000000000000360       0xe8 ./Drivers/STM32F4xx_HAL_Driver/Src/stm32f4xx_hal_adc.o
 .debug_aranges
                0x0000000000000448       0x90 ./Drivers/STM32F4xx_HAL_Driver/Src/stm32f4xx_hal_adc_ex.o
 .debug_aranges
                0x00000000000004d8      0x118 ./Drivers/STM32F4xx_HAL_Driver/Src/stm32f4xx_hal_cortex.o
 .debug_aranges
                0x00000000000005f0       0x90 ./Drivers/STM32F4xx_HAL_Driver/Src/stm32f4xx_hal_dma.o
 .debug_aranges
                0x0000000000000680       0x58 ./Drivers/STM32F4xx_HAL_Driver/Src/stm32f4xx_hal_gpio.o
 .debug_aranges
                0x00000000000006d8       0x28 ./Drivers/STM32F4xx_HAL_Driver/Src/stm32f4xx_hal_iwdg.o
 .debug_aranges
                0x0000000000000700       0x60 ./Drivers/STM32F4xx_HAL_Driver/Src/stm32f4xx_hal_pwr_ex.o
 .debug_aranges
                0x0000000000000760       0x88 ./Drivers/STM32F4xx_HAL_Driver/Src/stm32f4xx_hal_rcc.o
 .debug_aranges
                0x00000000000007e8       0x78 ./Drivers/STM32F4xx_HAL_Driver/Src/stm32f4xx_hal_rcc_ex.o
 .debug_aranges
                0x0000000000000860      0x3a8 ./Drivers/STM32F4xx_HAL_Driver/Src/stm32f4xx_hal_tim.o
 .debug_aranges
                0x0000000000000c08      0x150 ./Drivers/STM32F4xx_HAL_Driver/Src/stm32f4xx_hal_tim_ex.o
 .debug_aranges
                0x0000000000000d58      0x1d0 ./Drivers/STM32F4xx_HAL_Driver/Src/stm32f4xx_hal_uart.o
 .debug_aranges
                0x0000000000000f28       0x28 ./Hydrogreen/horn.o
 .debug_aranges
                0x0000000000000f50       0x40 ./Hydrogreen/hydrogreen.o
 .debug_aranges
                0x0000000000000f90       0x20 ./Hydrogreen/interrupt.o
 .debug_aranges
                0x0000000000000fb0       0x30 ./Hydrogreen/measurements.o
 .debug_aranges
                0x0000000000000fe0       0x60 ./Hydrogreen/rs485EF.o
 .debug_aranges
                0x0000000000001040       0x60 ./Hydrogreen/rs485SW.o
 .debug_aranges
                0x00000000000010a0       0x20 ./Hydrogreen/rxinterrupt.o
 .debug_aranges
                0x00000000000010c0       0x50 ./Hydrogreen/timers.o
 .debug_aranges
                0x0000000000001110       0x28 ./Hydrogreen/watchdog.o

.debug_ranges   0x0000000000000000      0xf30
 .debug_ranges  0x0000000000000000       0x20 ./Core/Src/adc.o
 .debug_ranges  0x0000000000000020       0x10 ./Core/Src/dma.o
 .debug_ranges  0x0000000000000030       0x10 ./Core/Src/gpio.o
 .debug_ranges  0x0000000000000040       0x10 ./Core/Src/iwdg.o
 .debug_ranges  0x0000000000000050       0x20 ./Core/Src/main.o
 .debug_ranges  0x0000000000000070       0x10 ./Core/Src/stm32f4xx_hal_msp.o
 .debug_ranges  0x0000000000000080       0xb0 ./Core/Src/stm32f4xx_it.o
 .debug_ranges  0x0000000000000130       0x18 ./Core/Src/system_stm32f4xx.o
 .debug_ranges  0x0000000000000148       0x30 ./Core/Src/tim.o
 .debug_ranges  0x0000000000000178       0x30 ./Core/Src/usart.o
 .debug_ranges  0x00000000000001a8       0x20 ./Core/Startup/startup_stm32f446retx.o
 .debug_ranges  0x00000000000001c8       0xe0 ./Drivers/STM32F4xx_HAL_Driver/Src/stm32f4xx_hal.o
 .debug_ranges  0x00000000000002a8       0xd8 ./Drivers/STM32F4xx_HAL_Driver/Src/stm32f4xx_hal_adc.o
 .debug_ranges  0x0000000000000380       0x80 ./Drivers/STM32F4xx_HAL_Driver/Src/stm32f4xx_hal_adc_ex.o
 .debug_ranges  0x0000000000000400      0x108 ./Drivers/STM32F4xx_HAL_Driver/Src/stm32f4xx_hal_cortex.o
 .debug_ranges  0x0000000000000508       0x80 ./Drivers/STM32F4xx_HAL_Driver/Src/stm32f4xx_hal_dma.o
 .debug_ranges  0x0000000000000588       0x48 ./Drivers/STM32F4xx_HAL_Driver/Src/stm32f4xx_hal_gpio.o
 .debug_ranges  0x00000000000005d0       0x18 ./Drivers/STM32F4xx_HAL_Driver/Src/stm32f4xx_hal_iwdg.o
 .debug_ranges  0x00000000000005e8       0x50 ./Drivers/STM32F4xx_HAL_Driver/Src/stm32f4xx_hal_pwr_ex.o
 .debug_ranges  0x0000000000000638       0x78 ./Drivers/STM32F4xx_HAL_Driver/Src/stm32f4xx_hal_rcc.o
 .debug_ranges  0x00000000000006b0       0x68 ./Drivers/STM32F4xx_HAL_Driver/Src/stm32f4xx_hal_rcc_ex.o
 .debug_ranges  0x0000000000000718      0x398 ./Drivers/STM32F4xx_HAL_Driver/Src/stm32f4xx_hal_tim.o
 .debug_ranges  0x0000000000000ab0      0x140 ./Drivers/STM32F4xx_HAL_Driver/Src/stm32f4xx_hal_tim_ex.o
 .debug_ranges  0x0000000000000bf0      0x1c0 ./Drivers/STM32F4xx_HAL_Driver/Src/stm32f4xx_hal_uart.o
 .debug_ranges  0x0000000000000db0       0x18 ./Hydrogreen/horn.o
 .debug_ranges  0x0000000000000dc8       0x30 ./Hydrogreen/hydrogreen.o
 .debug_ranges  0x0000000000000df8       0x10 ./Hydrogreen/interrupt.o
 .debug_ranges  0x0000000000000e08       0x20 ./Hydrogreen/measurements.o
 .debug_ranges  0x0000000000000e28       0x50 ./Hydrogreen/rs485EF.o
 .debug_ranges  0x0000000000000e78       0x50 ./Hydrogreen/rs485SW.o
 .debug_ranges  0x0000000000000ec8       0x10 ./Hydrogreen/rxinterrupt.o
 .debug_ranges  0x0000000000000ed8       0x40 ./Hydrogreen/timers.o
 .debug_ranges  0x0000000000000f18       0x18 ./Hydrogreen/watchdog.o

.debug_macro    0x0000000000000000    0x2468a
 .debug_macro   0x0000000000000000      0x20a ./Core/Src/adc.o
 .debug_macro   0x000000000000020a      0xaa8 ./Core/Src/adc.o
 .debug_macro   0x0000000000000cb2      0x2a0 ./Core/Src/adc.o
 .debug_macro   0x0000000000000f52       0x2e ./Core/Src/adc.o
 .debug_macro   0x0000000000000f80       0x28 ./Core/Src/adc.o
 .debug_macro   0x0000000000000fa8       0x22 ./Core/Src/adc.o
 .debug_macro   0x0000000000000fca       0x8e ./Core/Src/adc.o
 .debug_macro   0x0000000000001058       0x51 ./Core/Src/adc.o
 .debug_macro   0x00000000000010a9      0x103 ./Core/Src/adc.o
 .debug_macro   0x00000000000011ac       0x6a ./Core/Src/adc.o
 .debug_macro   0x0000000000001216      0x1df ./Core/Src/adc.o
 .debug_macro   0x00000000000013f5       0x1c ./Core/Src/adc.o
 .debug_macro   0x0000000000001411       0x22 ./Core/Src/adc.o
 .debug_macro   0x0000000000001433       0xdf ./Core/Src/adc.o
 .debug_macro   0x0000000000001512     0x102d ./Core/Src/adc.o
 .debug_macro   0x000000000000253f      0x11f ./Core/Src/adc.o
 .debug_macro   0x000000000000265e    0x1672d ./Core/Src/adc.o
 .debug_macro   0x0000000000018d8b       0x43 ./Core/Src/adc.o
 .debug_macro   0x0000000000018dce     0x3659 ./Core/Src/adc.o
 .debug_macro   0x000000000001c427      0x174 ./Core/Src/adc.o
 .debug_macro   0x000000000001c59b       0x5a ./Core/Src/adc.o
 .debug_macro   0x000000000001c5f5      0xc90 ./Core/Src/adc.o
 .debug_macro   0x000000000001d285      0x9fe ./Core/Src/adc.o
 .debug_macro   0x000000000001dc83      0x117 ./Core/Src/adc.o
 .debug_macro   0x000000000001dd9a      0x1a0 ./Core/Src/adc.o
 .debug_macro   0x000000000001df3a       0x27 ./Core/Src/adc.o
 .debug_macro   0x000000000001df61      0x16d ./Core/Src/adc.o
 .debug_macro   0x000000000001e0ce      0x287 ./Core/Src/adc.o
 .debug_macro   0x000000000001e355       0x5f ./Core/Src/adc.o
 .debug_macro   0x000000000001e3b4      0x236 ./Core/Src/adc.o
 .debug_macro   0x000000000001e5ea      0x391 ./Core/Src/adc.o
 .debug_macro   0x000000000001e97b      0x17d ./Core/Src/adc.o
 .debug_macro   0x000000000001eaf8       0xf9 ./Core/Src/adc.o
 .debug_macro   0x000000000001ebf1      0x132 ./Core/Src/adc.o
 .debug_macro   0x000000000001ed23      0x29c ./Core/Src/adc.o
 .debug_macro   0x000000000001efbf       0x2e ./Core/Src/adc.o
 .debug_macro   0x000000000001efed       0x78 ./Core/Src/adc.o
 .debug_macro   0x000000000001f065      0x11a ./Core/Src/adc.o
 .debug_macro   0x000000000001f17f       0xe8 ./Core/Src/adc.o
 .debug_macro   0x000000000001f267       0x89 ./Core/Src/adc.o
 .debug_macro   0x000000000001f2f0      0x8a0 ./Core/Src/adc.o
 .debug_macro   0x000000000001fb90       0x4d ./Core/Src/adc.o
 .debug_macro   0x000000000001fbdd      0x287 ./Core/Src/adc.o
 .debug_macro   0x000000000001fe64      0x126 ./Core/Src/adc.o
 .debug_macro   0x000000000001ff8a       0xe2 ./Core/Src/adc.o
 .debug_macro   0x000000000002006c      0x20a ./Core/Src/dma.o
 .debug_macro   0x0000000000020276      0x20a ./Core/Src/gpio.o
 .debug_macro   0x0000000000020480      0x20a ./Core/Src/iwdg.o
 .debug_macro   0x000000000002068a      0x252 ./Core/Src/main.o
 .debug_macro   0x00000000000208dc      0x34e ./Core/Src/main.o
 .debug_macro   0x0000000000020c2a       0x10 ./Core/Src/main.o
 .debug_macro   0x0000000000020c3a      0x200 ./Core/Src/stm32f4xx_hal_msp.o
 .debug_macro   0x0000000000020e3a      0x20a ./Core/Src/stm32f4xx_it.o
 .debug_macro   0x0000000000021044      0x1f7 ./Core/Src/system_stm32f4xx.o
 .debug_macro   0x000000000002123b      0x20a ./Core/Src/tim.o
 .debug_macro   0x0000000000021445      0x20a ./Core/Src/usart.o
 .debug_macro   0x000000000002164f      0x251 ./Drivers/STM32F4xx_HAL_Driver/Src/stm32f4xx_hal.o
 .debug_macro   0x00000000000218a0      0x1f2 ./Drivers/STM32F4xx_HAL_Driver/Src/stm32f4xx_hal_adc.o
 .debug_macro   0x0000000000021a92      0x1f1 ./Drivers/STM32F4xx_HAL_Driver/Src/stm32f4xx_hal_adc_ex.o
 .debug_macro   0x0000000000021c83      0x1f1 ./Drivers/STM32F4xx_HAL_Driver/Src/stm32f4xx_hal_cortex.o
 .debug_macro   0x0000000000021e74      0x1f7 ./Drivers/STM32F4xx_HAL_Driver/Src/stm32f4xx_hal_dma.o
 .debug_macro   0x000000000002206b      0x227 ./Drivers/STM32F4xx_HAL_Driver/Src/stm32f4xx_hal_gpio.o
 .debug_macro   0x0000000000022292      0x1f7 ./Drivers/STM32F4xx_HAL_Driver/Src/stm32f4xx_hal_iwdg.o
 .debug_macro   0x0000000000022489      0x209 ./Drivers/STM32F4xx_HAL_Driver/Src/stm32f4xx_hal_pwr_ex.o
 .debug_macro   0x0000000000022692      0x215 ./Drivers/STM32F4xx_HAL_Driver/Src/stm32f4xx_hal_rcc.o
 .debug_macro   0x00000000000228a7      0x1f1 ./Drivers/STM32F4xx_HAL_Driver/Src/stm32f4xx_hal_rcc_ex.o
 .debug_macro   0x0000000000022a98      0x1f2 ./Drivers/STM32F4xx_HAL_Driver/Src/stm32f4xx_hal_tim.o
 .debug_macro   0x0000000000022c8a      0x1f1 ./Drivers/STM32F4xx_HAL_Driver/Src/stm32f4xx_hal_tim_ex.o
 .debug_macro   0x0000000000022e7b      0x1f2 ./Drivers/STM32F4xx_HAL_Driver/Src/stm32f4xx_hal_uart.o
 .debug_macro   0x000000000002306d      0x229 ./Hydrogreen/horn.o
 .debug_macro   0x0000000000023296       0x1c ./Hydrogreen/horn.o
 .debug_macro   0x00000000000232b2       0x1c ./Hydrogreen/horn.o
 .debug_macro   0x00000000000232ce      0x1d1 ./Hydrogreen/horn.o
 .debug_macro   0x000000000002349f      0x24d ./Hydrogreen/hydrogreen.o
 .debug_macro   0x00000000000236ec       0x1c ./Hydrogreen/hydrogreen.o
 .debug_macro   0x0000000000023708      0x233 ./Hydrogreen/interrupt.o
 .debug_macro   0x000000000002393b      0x24a ./Hydrogreen/measurements.o
 .debug_macro   0x0000000000023b85      0x24d ./Hydrogreen/rs485EF.o
 .debug_macro   0x0000000000023dd2      0x24d ./Hydrogreen/rs485SW.o
 .debug_macro   0x000000000002401f      0x225 ./Hydrogreen/rxinterrupt.o
 .debug_macro   0x0000000000024244      0x22a ./Hydrogreen/timers.o
 .debug_macro   0x000000000002446e      0x21c ./Hydrogreen/watchdog.o

.debug_line     0x0000000000000000    0x17a1d
 .debug_line    0x0000000000000000      0x7ed ./Core/Src/adc.o
 .debug_line    0x00000000000007ed      0x73a ./Core/Src/dma.o
 .debug_line    0x0000000000000f27      0x79e ./Core/Src/gpio.o
 .debug_line    0x00000000000016c5      0x742 ./Core/Src/iwdg.o
 .debug_line    0x0000000000001e07      0x834 ./Core/Src/main.o
 .debug_line    0x000000000000263b      0x739 ./Core/Src/stm32f4xx_hal_msp.o
 .debug_line    0x0000000000002d74      0x91b ./Core/Src/stm32f4xx_it.o
 .debug_line    0x000000000000368f      0x7bf ./Core/Src/system_stm32f4xx.o
 .debug_line    0x0000000000003e4e      0x868 ./Core/Src/tim.o
 .debug_line    0x00000000000046b6      0x8ee ./Core/Src/usart.o
 .debug_line    0x0000000000004fa4       0x85 ./Core/Startup/startup_stm32f446retx.o
 .debug_line    0x0000000000005029      0xa1f ./Drivers/STM32F4xx_HAL_Driver/Src/stm32f4xx_hal.o
 .debug_line    0x0000000000005a48     0x127f ./Drivers/STM32F4xx_HAL_Driver/Src/stm32f4xx_hal_adc.o
 .debug_line    0x0000000000006cc7      0xece ./Drivers/STM32F4xx_HAL_Driver/Src/stm32f4xx_hal_adc_ex.o
 .debug_line    0x0000000000007b95      0xcce ./Drivers/STM32F4xx_HAL_Driver/Src/stm32f4xx_hal_cortex.o
 .debug_line    0x0000000000008863      0xf88 ./Drivers/STM32F4xx_HAL_Driver/Src/stm32f4xx_hal_dma.o
 .debug_line    0x00000000000097eb      0xb93 ./Drivers/STM32F4xx_HAL_Driver/Src/stm32f4xx_hal_gpio.o
 .debug_line    0x000000000000a37e      0x79f ./Drivers/STM32F4xx_HAL_Driver/Src/stm32f4xx_hal_iwdg.o
 .debug_line    0x000000000000ab1d      0x94e ./Drivers/STM32F4xx_HAL_Driver/Src/stm32f4xx_hal_pwr_ex.o
 .debug_line    0x000000000000b46b      0xd84 ./Drivers/STM32F4xx_HAL_Driver/Src/stm32f4xx_hal_rcc.o
 .debug_line    0x000000000000c1ef     0x13bd ./Drivers/STM32F4xx_HAL_Driver/Src/stm32f4xx_hal_rcc_ex.o
 .debug_line    0x000000000000d5ac     0x29fc ./Drivers/STM32F4xx_HAL_Driver/Src/stm32f4xx_hal_tim.o
 .debug_line    0x000000000000ffa8     0x1210 ./Drivers/STM32F4xx_HAL_Driver/Src/stm32f4xx_hal_tim_ex.o
 .debug_line    0x00000000000111b8     0x1837 ./Drivers/STM32F4xx_HAL_Driver/Src/stm32f4xx_hal_uart.o
 .debug_line    0x00000000000129ef      0x78d ./Hydrogreen/horn.o
 .debug_line    0x000000000001317c      0x83c ./Hydrogreen/hydrogreen.o
 .debug_line    0x00000000000139b8      0x796 ./Hydrogreen/interrupt.o
 .debug_line    0x000000000001414e      0x8a7 ./Hydrogreen/measurements.o
 .debug_line    0x00000000000149f5      0xbaf ./Hydrogreen/rs485EF.o
 .debug_line    0x00000000000155a4      0xcb8 ./Hydrogreen/rs485SW.o
 .debug_line    0x000000000001625c      0x7af ./Hydrogreen/rxinterrupt.o
 .debug_line    0x0000000000016a0b      0x880 ./Hydrogreen/timers.o
 .debug_line    0x000000000001728b      0x792 ./Hydrogreen/watchdog.o

.debug_str      0x0000000000000000    0xd246a
 .debug_str     0x0000000000000000    0xcd4fb ./Core/Src/adc.o
                                      0xcd874 (size before relaxing)
 .debug_str     0x00000000000cd4fb       0x29 ./Core/Src/dma.o
                                      0xcd38b (size before relaxing)
 .debug_str     0x00000000000cd524       0x48 ./Core/Src/gpio.o
                                      0xcd42b (size before relaxing)
 .debug_str     0x00000000000cd56c       0x63 ./Core/Src/iwdg.o
                                      0xccdb3 (size before relaxing)
 .debug_str     0x00000000000cd5cf      0xdd4 ./Core/Src/main.o
                                      0xce1d9 (size before relaxing)
 .debug_str     0x00000000000ce3a3       0x2c ./Core/Src/stm32f4xx_hal_msp.o
                                      0xcce5f (size before relaxing)
 .debug_str     0x00000000000ce3cf      0x1c3 ./Core/Src/stm32f4xx_it.o
                                      0xcd67d (size before relaxing)
 .debug_str     0x00000000000ce592       0xc4 ./Core/Src/system_stm32f4xx.o
                                      0xccac1 (size before relaxing)
 .debug_str     0x00000000000ce656      0x102 ./Core/Src/tim.o
                                      0xcd8e1 (size before relaxing)
 .debug_str     0x00000000000ce758       0x79 ./Core/Src/usart.o
                                      0xcd8c7 (size before relaxing)
 .debug_str     0x00000000000ce7d1       0x36 ./Core/Startup/startup_stm32f446retx.o
                                         0x65 (size before relaxing)
 .debug_str     0x00000000000ce807      0x58d ./Drivers/STM32F4xx_HAL_Driver/Src/stm32f4xx_hal.o
                                      0xcd5cf (size before relaxing)
 .debug_str     0x00000000000ced94      0x2a2 ./Drivers/STM32F4xx_HAL_Driver/Src/stm32f4xx_hal_adc.o
                                      0xcd033 (size before relaxing)
 .debug_str     0x00000000000cf036      0x302 ./Drivers/STM32F4xx_HAL_Driver/Src/stm32f4xx_hal_adc_ex.o
                                      0xcd06d (size before relaxing)
 .debug_str     0x00000000000cf338      0x392 ./Drivers/STM32F4xx_HAL_Driver/Src/stm32f4xx_hal_cortex.o
                                      0xcd399 (size before relaxing)
 .debug_str     0x00000000000cf6ca      0x323 ./Drivers/STM32F4xx_HAL_Driver/Src/stm32f4xx_hal_dma.o
                                      0xcceb1 (size before relaxing)
 .debug_str     0x00000000000cf9ed      0x20c ./Drivers/STM32F4xx_HAL_Driver/Src/stm32f4xx_hal_gpio.o
                                      0xccd00 (size before relaxing)
 .debug_str     0x00000000000cfbf9       0x75 ./Drivers/STM32F4xx_HAL_Driver/Src/stm32f4xx_hal_iwdg.o
                                      0xcc9e9 (size before relaxing)
 .debug_str     0x00000000000cfc6e      0x135 ./Drivers/STM32F4xx_HAL_Driver/Src/stm32f4xx_hal_pwr_ex.o
                                      0xccca4 (size before relaxing)
 .debug_str     0x00000000000cfda3      0x259 ./Drivers/STM32F4xx_HAL_Driver/Src/stm32f4xx_hal_rcc.o
                                      0xcceb3 (size before relaxing)
 .debug_str     0x00000000000cfffc      0x31c ./Drivers/STM32F4xx_HAL_Driver/Src/stm32f4xx_hal_rcc_ex.o
                                      0xccf05 (size before relaxing)
 .debug_str     0x00000000000d0318      0xd05 ./Drivers/STM32F4xx_HAL_Driver/Src/stm32f4xx_hal_tim.o
                                      0xcdba8 (size before relaxing)
 .debug_str     0x00000000000d101d      0x4a2 ./Drivers/STM32F4xx_HAL_Driver/Src/stm32f4xx_hal_tim_ex.o
                                      0xcd3a8 (size before relaxing)
 .debug_str     0x00000000000d14bf      0x517 ./Drivers/STM32F4xx_HAL_Driver/Src/stm32f4xx_hal_uart.o
                                      0xcd2e8 (size before relaxing)
 .debug_str     0x00000000000d19d6      0x44a ./Hydrogreen/horn.o
                                      0xcdb4e (size before relaxing)
 .debug_str     0x00000000000d1e20      0x1ef ./Hydrogreen/hydrogreen.o
                                      0xcdce6 (size before relaxing)
 .debug_str     0x00000000000d200f       0x1a ./Hydrogreen/interrupt.o
                                      0xcdb23 (size before relaxing)
 .debug_str     0x00000000000d2029       0x97 ./Hydrogreen/measurements.o
                                      0xce25a (size before relaxing)
 .debug_str     0x00000000000d20c0      0x153 ./Hydrogreen/rs485EF.o
                                      0xce031 (size before relaxing)
 .debug_str     0x00000000000d2213      0x145 ./Hydrogreen/rs485SW.o
                                      0xce05e (size before relaxing)
 .debug_str     0x00000000000d2358       0x1c ./Hydrogreen/rxinterrupt.o
                                      0xcdf18 (size before relaxing)
 .debug_str     0x00000000000d2374       0xc1 ./Hydrogreen/timers.o
                                      0xcdd09 (size before relaxing)
 .debug_str     0x00000000000d2435       0x35 ./Hydrogreen/watchdog.o
                                      0xcd8ca (size before relaxing)

.comment        0x0000000000000000       0x53
 .comment       0x0000000000000000       0x53 ./Core/Src/adc.o
                                         0x54 (size before relaxing)
 .comment       0x0000000000000053       0x54 ./Core/Src/dma.o
 .comment       0x0000000000000053       0x54 ./Core/Src/gpio.o
 .comment       0x0000000000000053       0x54 ./Core/Src/iwdg.o
 .comment       0x0000000000000053       0x54 ./Core/Src/main.o
 .comment       0x0000000000000053       0x54 ./Core/Src/stm32f4xx_hal_msp.o
 .comment       0x0000000000000053       0x54 ./Core/Src/stm32f4xx_it.o
 .comment       0x0000000000000053       0x54 ./Core/Src/system_stm32f4xx.o
 .comment       0x0000000000000053       0x54 ./Core/Src/tim.o
 .comment       0x0000000000000053       0x54 ./Core/Src/usart.o
 .comment       0x0000000000000053       0x54 ./Drivers/STM32F4xx_HAL_Driver/Src/stm32f4xx_hal.o
 .comment       0x0000000000000053       0x54 ./Drivers/STM32F4xx_HAL_Driver/Src/stm32f4xx_hal_adc.o
 .comment       0x0000000000000053       0x54 ./Drivers/STM32F4xx_HAL_Driver/Src/stm32f4xx_hal_adc_ex.o
 .comment       0x0000000000000053       0x54 ./Drivers/STM32F4xx_HAL_Driver/Src/stm32f4xx_hal_cortex.o
 .comment       0x0000000000000053       0x54 ./Drivers/STM32F4xx_HAL_Driver/Src/stm32f4xx_hal_dma.o
 .comment       0x0000000000000053       0x54 ./Drivers/STM32F4xx_HAL_Driver/Src/stm32f4xx_hal_gpio.o
 .comment       0x0000000000000053       0x54 ./Drivers/STM32F4xx_HAL_Driver/Src/stm32f4xx_hal_iwdg.o
 .comment       0x0000000000000053       0x54 ./Drivers/STM32F4xx_HAL_Driver/Src/stm32f4xx_hal_pwr_ex.o
 .comment       0x0000000000000053       0x54 ./Drivers/STM32F4xx_HAL_Driver/Src/stm32f4xx_hal_rcc.o
 .comment       0x0000000000000053       0x54 ./Drivers/STM32F4xx_HAL_Driver/Src/stm32f4xx_hal_rcc_ex.o
 .comment       0x0000000000000053       0x54 ./Drivers/STM32F4xx_HAL_Driver/Src/stm32f4xx_hal_tim.o
 .comment       0x0000000000000053       0x54 ./Drivers/STM32F4xx_HAL_Driver/Src/stm32f4xx_hal_tim_ex.o
 .comment       0x0000000000000053       0x54 ./Drivers/STM32F4xx_HAL_Driver/Src/stm32f4xx_hal_uart.o
 .comment       0x0000000000000053       0x54 ./Hydrogreen/horn.o
 .comment       0x0000000000000053       0x54 ./Hydrogreen/hydrogreen.o
 .comment       0x0000000000000053       0x54 ./Hydrogreen/interrupt.o
 .comment       0x0000000000000053       0x54 ./Hydrogreen/measurements.o
 .comment       0x0000000000000053       0x54 ./Hydrogreen/rs485EF.o
 .comment       0x0000000000000053       0x54 ./Hydrogreen/rs485SW.o
 .comment       0x0000000000000053       0x54 ./Hydrogreen/rxinterrupt.o
 .comment       0x0000000000000053       0x54 ./Hydrogreen/timers.o
 .comment       0x0000000000000053       0x54 ./Hydrogreen/watchdog.o

.debug_frame    0x0000000000000000     0x427c
 .debug_frame   0x0000000000000000       0x7c ./Core/Src/adc.o
 .debug_frame   0x000000000000007c       0x34 ./Core/Src/dma.o
 .debug_frame   0x00000000000000b0       0x34 ./Core/Src/gpio.o
 .debug_frame   0x00000000000000e4       0x2c ./Core/Src/iwdg.o
 .debug_frame   0x0000000000000110       0x6c ./Core/Src/main.o
 .debug_frame   0x000000000000017c       0x34 ./Core/Src/stm32f4xx_hal_msp.o
 .debug_frame   0x00000000000001b0      0x254 ./Core/Src/stm32f4xx_it.o
 .debug_frame   0x0000000000000404       0x58 ./Core/Src/system_stm32f4xx.o
 .debug_frame   0x000000000000045c       0xc4 ./Core/Src/tim.o
 .debug_frame   0x0000000000000520       0xb0 ./Core/Src/usart.o
 .debug_frame   0x00000000000005d0      0x374 ./Drivers/STM32F4xx_HAL_Driver/Src/stm32f4xx_hal.o
 .debug_frame   0x0000000000000944      0x3fc ./Drivers/STM32F4xx_HAL_Driver/Src/stm32f4xx_hal_adc.o
 .debug_frame   0x0000000000000d40      0x250 ./Drivers/STM32F4xx_HAL_Driver/Src/stm32f4xx_hal_adc_ex.o
 .debug_frame   0x0000000000000f90      0x498 ./Drivers/STM32F4xx_HAL_Driver/Src/stm32f4xx_hal_cortex.o
 .debug_frame   0x0000000000001428      0x250 ./Drivers/STM32F4xx_HAL_Driver/Src/stm32f4xx_hal_dma.o
 .debug_frame   0x0000000000001678      0x14c ./Drivers/STM32F4xx_HAL_Driver/Src/stm32f4xx_hal_gpio.o
 .debug_frame   0x00000000000017c4       0x5c ./Drivers/STM32F4xx_HAL_Driver/Src/stm32f4xx_hal_iwdg.o
 .debug_frame   0x0000000000001820      0x14c ./Drivers/STM32F4xx_HAL_Driver/Src/stm32f4xx_hal_pwr_ex.o
 .debug_frame   0x000000000000196c      0x1f0 ./Drivers/STM32F4xx_HAL_Driver/Src/stm32f4xx_hal_rcc.o
 .debug_frame   0x0000000000001b5c      0x1e8 ./Drivers/STM32F4xx_HAL_Driver/Src/stm32f4xx_hal_rcc_ex.o
 .debug_frame   0x0000000000001d44     0x10f0 ./Drivers/STM32F4xx_HAL_Driver/Src/stm32f4xx_hal_tim.o
 .debug_frame   0x0000000000002e34      0x5c0 ./Drivers/STM32F4xx_HAL_Driver/Src/stm32f4xx_hal_tim_ex.o
 .debug_frame   0x00000000000033f4      0x844 ./Drivers/STM32F4xx_HAL_Driver/Src/stm32f4xx_hal_uart.o
 .debug_frame   0x0000000000003c38       0x48 ./Hydrogreen/horn.o
 .debug_frame   0x0000000000003c80       0xa0 ./Hydrogreen/hydrogreen.o
 .debug_frame   0x0000000000003d20       0x38 ./Hydrogreen/interrupt.o
 .debug_frame   0x0000000000003d58       0x80 ./Hydrogreen/measurements.o
 .debug_frame   0x0000000000003dd8      0x14c ./Hydrogreen/rs485EF.o
 .debug_frame   0x0000000000003f24      0x144 ./Hydrogreen/rs485SW.o
 .debug_frame   0x0000000000004068       0x34 ./Hydrogreen/rxinterrupt.o
 .debug_frame   0x000000000000409c       0xec ./Hydrogreen/timers.o
 .debug_frame   0x0000000000004188       0x48 ./Hydrogreen/watchdog.o
 .debug_frame   0x00000000000041d0       0x2c d:/stm32cubeide/stm32cubeide_1.7.0/stm32cubeide/plugins/com.st.stm32cube.ide.mcu.externaltools.gnu-tools-for-stm32.9-2020-q2-update.win32_2.0.0.202105311346/tools/bin/../lib/gcc/arm-none-eabi/9.3.1/../../../../arm-none-eabi/lib/thumb/v7e-m+fp/hard\libc_nano.a(lib_a-init.o)
 .debug_frame   0x00000000000041fc       0x20 d:/stm32cubeide/stm32cubeide_1.7.0/stm32cubeide/plugins/com.st.stm32cube.ide.mcu.externaltools.gnu-tools-for-stm32.9-2020-q2-update.win32_2.0.0.202105311346/tools/bin/../lib/gcc/arm-none-eabi/9.3.1/../../../../arm-none-eabi/lib/thumb/v7e-m+fp/hard\libc_nano.a(lib_a-memset.o)
 .debug_frame   0x000000000000421c       0x2c d:/stm32cubeide/stm32cubeide_1.7.0/stm32cubeide/plugins/com.st.stm32cube.ide.mcu.externaltools.gnu-tools-for-stm32.9-2020-q2-update.win32_2.0.0.202105311346/tools/bin/../lib/gcc/arm-none-eabi/9.3.1/thumb/v7e-m+fp/hard\libgcc.a(_aeabi_uldivmod.o)
 .debug_frame   0x0000000000004248       0x34 d:/stm32cubeide/stm32cubeide_1.7.0/stm32cubeide/plugins/com.st.stm32cube.ide.mcu.externaltools.gnu-tools-for-stm32.9-2020-q2-update.win32_2.0.0.202105311346/tools/bin/../lib/gcc/arm-none-eabi/9.3.1/thumb/v7e-m+fp/hard\libgcc.a(_udivmoddi4.o)