rs486_EF.c:95:9:crc_calc	16	static
rs486_EF.c:126:6:rs485_init_SW	8	static
rs486_EF.c:131:6:rs485_init_EF	8	static
rs486_EF.c:140:6:rs485_step_SW	8	static
rs486_EF.c:149:6:rs485_step_EF	8	static
rs486_EF.c:160:13:sendData_SW	8	static,ignoring_inline_asm
rs486_EF.c:197:13:sendData_EF	8	static,ignoring_inline_asm
rs486_EF.c:234:13:receiveData_SW	16	static,ignoring_inline_asm
rs486_EF.c:296:6:HAL_UART_RxCpltCallback	16	static
rs486_EF.c:325:13:receiveData_EF	16	static,ignoring_inline_asm
rs486_EF.c:394:13:prepareNewDataToSend_SW	24	static
rs486_EF.c:465:13:prepareNewDataToSend_EF	16	static
rs486_EF.c:515:13:processReceivedData_SW	16	static
rs486_EF.c:535:13:processReceivedData_EF	16	static
rs486_EF.c:573:13:resetActData_SW	4	static
rs486_EF.c:592:13:resetActData_EF	16	static
